Archive member included to satisfy reference by file (symbol)

/opt/devkitpro/libogc/lib/wii/libogc.a(system.o)
                              /opt/devkitpro/devkitPPC/bin/../lib/gcc/powerpc-eabi/14.2.0/../../../../powerpc-eabi/lib/crtmain.o (SYS_PreMain)
/opt/devkitpro/libogc/lib/wii/libogc.a(cond.o)
                              /opt/devkitpro/libogc/lib/wii/libogc.a(system.o) (__lwp_cond_init)
/opt/devkitpro/libogc/lib/wii/libogc.a(decrementer.o)
                              /opt/devkitpro/libogc/lib/wii/libogc.a(system.o) (__decrementer_init)
/opt/devkitpro/libogc/lib/wii/libogc.a(message.o)
                              /opt/devkitpro/libogc/lib/wii/libogc.a(system.o) (__lwp_mqbox_init)
/opt/devkitpro/libogc/lib/wii/libogc.a(si.o)
                              /opt/devkitpro/libogc/lib/wii/libogc.a(system.o) (__si_init)
/opt/devkitpro/libogc/lib/wii/libogc.a(ipc.o)
                              /opt/devkitpro/libogc/lib/wii/libogc.a(system.o) (__IPC_ClntInit)
/opt/devkitpro/libogc/lib/wii/libogc.a(ogc_crt0.o)
                              (_start)
/opt/devkitpro/libogc/lib/wii/libogc.a(timesupp.o)
                              /opt/devkitpro/libogc/lib/wii/libogc.a(system.o) (gettick)
/opt/devkitpro/libogc/lib/wii/libogc.a(lock_supp.o)
                              /opt/devkitpro/libogc/lib/wii/libogc.a(system.o) (__syscall_lock_init)
/opt/devkitpro/libogc/lib/wii/libogc.a(sbrk.o)
                              /opt/devkitpro/libogc/lib/wii/libogc.a(system.o) (_sbrk_r)
/opt/devkitpro/libogc/lib/wii/libogc.a(malloc_lock.o)
                              /opt/devkitpro/libogc/lib/wii/libogc.a(system.o) (__memlock_init)
/opt/devkitpro/libogc/lib/wii/libogc.a(stm.o)
                              /opt/devkitpro/libogc/lib/wii/libogc.a(system.o) (STM_RegisterEventHandler)
/opt/devkitpro/libogc/lib/wii/libogc.a(ios.o)
                              /opt/devkitpro/libogc/lib/wii/libogc.a(system.o) (__IOS_InitializeSubsystems)
/opt/devkitpro/libogc/lib/wii/libogc.a(es.o)
                              /opt/devkitpro/libogc/lib/wii/libogc.a(ios.o) (__ES_Init)
/opt/devkitpro/libogc/lib/wii/libogc.a(argv.o)
                              /opt/devkitpro/libogc/lib/wii/libogc.a(ogc_crt0.o) (__CheckARGV)
/opt/devkitpro/libogc/lib/wii/libogc.a(conf.o)
                              /opt/devkitpro/libogc/lib/wii/libogc.a(system.o) (CONF_Init)
/opt/devkitpro/libogc/lib/wii/libogc.a(wiilaunch.o)
                              /opt/devkitpro/libogc/lib/wii/libogc.a(system.o) (WII_Initialize)
/opt/devkitpro/libogc/lib/wii/libogc.a(lwp_priority.o)
                              /opt/devkitpro/libogc/lib/wii/libogc.a(system.o) (__lwp_priority_init)
/opt/devkitpro/libogc/lib/wii/libogc.a(lwp_threadq.o)
                              /opt/devkitpro/libogc/lib/wii/libogc.a(cond.o) (__lwp_threadqueue_init)
/opt/devkitpro/libogc/lib/wii/libogc.a(lwp_threads.o)
                              /opt/devkitpro/libogc/lib/wii/libogc.a(cond.o) (_thr_executing)
/opt/devkitpro/libogc/lib/wii/libogc.a(lwp_messages.o)
                              /opt/devkitpro/libogc/lib/wii/libogc.a(message.o) (__lwpmq_initialize)
/opt/devkitpro/libogc/lib/wii/libogc.a(lwp.o)
                              /opt/devkitpro/libogc/lib/wii/libogc.a(system.o) (__lwp_sysinit)
/opt/devkitpro/libogc/lib/wii/libogc.a(lwp_handler.o)
                              /opt/devkitpro/libogc/lib/wii/libogc.a(lwp_threads.o) (_cpu_context_save_fp)
/opt/devkitpro/libogc/lib/wii/libogc.a(lwp_stack.o)
                              /opt/devkitpro/libogc/lib/wii/libogc.a(lwp_threads.o) (__lwp_stack_allocate)
/opt/devkitpro/libogc/lib/wii/libogc.a(lwp_mutex.o)
                              /opt/devkitpro/libogc/lib/wii/libogc.a(malloc_lock.o) (__lwp_mutex_initialize)
/opt/devkitpro/libogc/lib/wii/libogc.a(lwp_watchdog.o)
                              /opt/devkitpro/libogc/lib/wii/libogc.a(system.o) (__lwp_watchdog_init)
/opt/devkitpro/libogc/lib/wii/libogc.a(lwp_wkspace.o)
                              /opt/devkitpro/libogc/lib/wii/libogc.a(ipc.o) (__wkspace_heap)
/opt/devkitpro/libogc/lib/wii/libogc.a(lwp_objmgr.o)
                              /opt/devkitpro/libogc/lib/wii/libogc.a(system.o) (__lwp_objmgr_initinfo)
/opt/devkitpro/libogc/lib/wii/libogc.a(lwp_heap.o)
                              /opt/devkitpro/libogc/lib/wii/libogc.a(ipc.o) (__lwp_heap_init)
/opt/devkitpro/libogc/lib/wii/libogc.a(sys_state.o)
                              /opt/devkitpro/libogc/lib/wii/libogc.a(system.o) (_sys_state_curr)
/opt/devkitpro/libogc/lib/wii/libogc.a(exception.o)
                              /opt/devkitpro/libogc/lib/wii/libogc.a(system.o) (__systemcall_init)
/opt/devkitpro/libogc/lib/wii/libogc.a(irq.o)
                              /opt/devkitpro/libogc/lib/wii/libogc.a(system.o) (__UnmaskIrq)
/opt/devkitpro/libogc/lib/wii/libogc.a(irq_handler.o)
                              /opt/devkitpro/libogc/lib/wii/libogc.a(exception.o) (irq_exceptionhandler)
[...]
Memory Configuration

Name             Origin             Length             Attributes
*default*        0x00000000         0xffffffff

Linker script and memory map

                0x00003400                        . = 0x3400

.stub
 *(.stub)
                0x80004000                        . = 0x80004000

.init           0x80004000      0x194
 *crt0.o(*.init)
 .init          0x80004000      0x170 /opt/devkitpro/libogc/lib/wii/libogc.a(ogc_crt0.o)
                0x80004000                _start
                0x80004140                _memset
 *(.init)
 .init          0x80004170        0xc /opt/devkitpro/devkitPPC/bin/../lib/gcc/powerpc-eabi/14.2.0/ecrti.o
                0x80004170                __init
 .init          0x8000417c        0x4 /opt/devkitpro/devkitPPC/bin/../lib/gcc/powerpc-eabi/14.2.0/crtbegin.o
 .init          0x80004180        0x4 /opt/devkitpro/devkitPPC/bin/../lib/gcc/powerpc-eabi/14.2.0/crtend.o
 .init          0x80004184       0x10 /opt/devkitpro/devkitPPC/bin/../lib/gcc/powerpc-eabi/14.2.0/ecrtn.o

.rela.dyn       0x80004194        0x0
 .rela.iplt     0x80004194        0x0 /opt/devkitpro/devkitPPC/bin/../lib/gcc/powerpc-eabi/14.2.0/crtbegin.o

.plt
 *(.plt)

.interp
 *(.interp)

.hash
 *(.hash)

.dynsym
 *(.dynsym)

.dynstr
 *(.dynstr)

.gnu.version
 *(.gnu.version)

.gnu.version_d
 *(.gnu.version_d)

.gnu.version_r
 *(.gnu.version_r)

.rel.init
 *(.rel.init)

.rela.init
 *(.rela.init)

.rel.text
 *(.rel.text .rel.text.* .rel.gnu.linkonce.t.*)

.rela.text      0x80004194        0x0
 *(.rela.text .rela.text.* .rela.gnu.linkonce.t.*)
 .rela.text.__do_global_dtors_aux
                0x80004194        0x0 /opt/devkitpro/devkitPPC/bin/../lib/gcc/powerpc-eabi/14.2.0/crtbegin.o
 .rela.text.frame_dummy
                0x80004194        0x0 /opt/devkitpro/devkitPPC/bin/../lib/gcc/powerpc-eabi/14.2.0/crtbegin.o
 .rela.text.unlikely.abort
                0x80004194        0x0 /opt/devkitpro/devkitPPC/bin/../lib/gcc/powerpc-eabi/14.2.0/crtbegin.o

.rel.fini
 *(.rel.fini)

.rela.fini
 *(.rela.fini)

.rel.rodata
 *(.rel.rodata .rel.rodata.* .rel.gnu.linkonce.r.*)

.rela.rodata
 *(.rela.rodata .rela.rodata.* .rela.gnu.linkonce.r.*)

.rel.data
 *(.rel.data .rel.data.* .rel.gnu.linkonce.d.*)

.rela.data
 *(.rela.data .rela.data.* .rela.gnu.linkonce.d.*)

.rel.tdata
 *(.rel.tdata .rel.tdata.* .rel.gnu.linkonce.td.*)

.rela.tdata
 *(.rela.tdata .rela.tdata.* .rela.gnu.linkonce.td.*)

.rel.tbss
 *(.rel.tbss .rel.tbss.* .rel.gnu.linkonce.tb.*)

.rela.tbss
 *(.rela.tbss .rela.tbss.* .rela.gnu.linkonce.tb.*)

.rel.ctors
 *(.rel.ctors)

.rela.ctors
 *(.rela.ctors)

.rel.dtors
 *(.rel.dtors)

.rela.dtors
 *(.rela.dtors)

.rel.got
 *(.rel.got)

.rela.got
 *(.rela.got)

.rela.got1
 *(.rela.got1)

.rela.got2
 *(.rela.got2)

.rel.sdata
 *(.rel.sdata .rel.sdata.* .rel.gnu.linkonce.s.*)

.rela.sdata
 *(.rela.sdata .rela.sdata.* .rela.gnu.linkonce.s.*)

.rel.sbss
 *(.rel.sbss .rel.sbss.* .rel.gnu.linkonce.sb.*)

.rela.sbss
 *(.rela.sbss .rela.sbss.* .rel.gnu.linkonce.sb.*)

.rel.sdata2
 *(.rel.sdata2 .rel.sdata2.* .rel.gnu.linkonce.s2.*)

.rela.sdata2
 *(.rela.sdata2 .rela.sdata2.* .rela.gnu.linkonce.s2.*)

.rel.sbss2
 *(.rel.sbss2 .rel.sbss2.* .rel.gnu.linkonce.sb2.*)

.rela.sbss2
 *(.rela.sbss2 .rela.sbss2.* .rela.gnu.linkonce.sb2.*)

.rel.bss
 *(.rel.bss .rel.bss.* .rel.gnu.linkonce.b.*)

.rela.bss
 *(.rela.bss .rela.bss.* .rela.gnu.linkonce.b.*)

.rel.plt
 *(.rel.plt)

.rela.plt
 *(.rela.plt)

.text           0x800041a0    0x17000
 *(.text)
 .text          0x800041a0      0x44c /opt/devkitpro/libogc/lib/wii/libogc.a(lwp_handler.o)
                0x800041a0                _cpu_context_save_fp
                0x800042e0                _cpu_context_restore_fp
                0x80004420                _cpu_context_switch
                0x80004500                _cpu_context_save
                0x80004580                _cpu_context_restore
 .text          0x800045ec      0x1ac /opt/devkitpro/libogc/lib/wii/libogc.a(irq_handler.o)
                0x800045ec                irq_exceptionhandler
 .text          0x80004798      0x4f4 /opt/devkitpro/libogc/lib/wii/libogc.a(cache_asm.o)
                0x80004798                DCFlashInvalidate
                0x800047ac                DCEnable
                0x800047c0                DCDisable
                0x800047d4                DCFreeze
                0x800047e8                DCUnfreeze
                0x800047fc                DCTouchLoad
                0x80004804                DCBlockZero
                0x8000480c                DCBlockStore
                0x80004814                DCBlockFlush
                0x8000481c                DCBlockInvalidate
                0x80004824                DCInvalidateRange
                0x80004854                DCFlushRange
                0x80004888                DCStoreRange
                0x800048bc                DCFlushRangeNoSync
                0x800048ec                DCStoreRangeNoSync
                0x8000491c                DCZeroRange
                0x8000494c                DCTouchRange
                0x8000497c                ICInvalidateRange
                0x800049b4                ICFlashInvalidate
                0x800049c8                ICEnable
                0x800049dc                ICDisable
                0x800049f0                ICFreeze
                0x80004a04                ICUnfreeze
                0x80004a18                ICBlockInvalidate
                0x80004a20                ICSync
                0x80004a28                L2Init
                0x80004a70                L2Enable
                0x80004a8c                L2Disable
                0x80004aa4                L2GlobalInvalidate
                0x80004afc                __LCEnable
                0x80004bc8                LCDisable
                0x80004bf0                LCAllocOneTag
                0x80004c04                LCAllocTags
                0x80004c44                LCLoadBlocks
                0x80004c68                LCStoreBlocks
 .text          0x80004c8c      0x4a0 /opt/devkitpro/libogc/lib/wii/libogc.a(system_asm.o)
                0x80004c8c                __realmode
                0x80004ca4                __configBATS
                0x80004dd4                __InitFPRS
                0x80004f00                __InitPS
                0x80004f5c                __InitCache
                0x80004fb4                __InitSystem
                0x8000503c                __flush_cache
                0x80005070                __reset
                0x800050e0                __InitBATS
                0x800050fc                SYS_SwitchFiber
 .text          0x8000512c      0x1ac /opt/devkitpro/libogc/lib/wii/libogc.a(decrementer_handler.o)
                0x8000512c                dec_exceptionhandler
 .text          0x800052d8      0x35c /opt/devkitpro/libogc/lib/wii/libogc.a(exception_handler.o)
                0x800052d8                exceptionhandler_start
                0x80005354                exceptionhandler_patch
                0x80005388                exceptionhandler_end
                0x8000538c                default_exceptionhandler
                0x800054bc                fpu_exceptionhandler
                0x80005604                systemcallhandler_start
                0x80005630                systemcallhandler_end
 *(.text.*)
 .text.__do_global_dtors_aux
                0x80005634       0xcc /opt/devkitpro/devkitPPC/bin/../lib/gcc/powerpc-eabi/14.2.0/crtbegin.o
 .text.frame_dummy
                0x80005700       0x24 /opt/devkitpro/devkitPPC/bin/../lib/gcc/powerpc-eabi/14.2.0/crtbegin.o
 .text.__crtmain
                0x80005724       0x40 /opt/devkitpro/devkitPPC/bin/../lib/gcc/powerpc-eabi/14.2.0/../../../../powerpc-eabi/lib/crtmain.o
                0x80005728                __crtmain
 .text.__call_resetfuncs
                0x80005764       0xbc /opt/devkitpro/libogc/lib/wii/libogc.a(system.o)
 .text.__MEMInterruptHandler
                0x80005820       0x14 /opt/devkitpro/libogc/lib/wii/libogc.a(system.o)
 .text.__RSWDefaultHandler
                0x80005834        0x4 /opt/devkitpro/libogc/lib/wii/libogc.a(system.o)
 .text.__POWDefaultHandler
                0x80005838        0x4 /opt/devkitpro/libogc/lib/wii/libogc.a(system.o)
 .text.__STMEventHandler
                0x8000583c      0x104 /opt/devkitpro/libogc/lib/wii/libogc.a(system.o)
 .text.__getrtc
                0x80005940      0x13c /opt/devkitpro/libogc/lib/wii/libogc.a(system.o)
 .text.__sram_write
                0x80005a7c      0x130 /opt/devkitpro/libogc/lib/wii/libogc.a(system.o)
 .text.__sram_writecallback
                0x80005bac       0x54 /opt/devkitpro/libogc/lib/wii/libogc.a(system.o)
 .text.__mem_onreset
                0x80005c00       0x48 /opt/devkitpro/libogc/lib/wii/libogc.a(system.o)
 .text.__unlocksram
                0x80005c48      0x174 /opt/devkitpro/libogc/lib/wii/libogc.a(system.o)
 .text.__sys_alarmhandler
                0x80005dbc      0x154 /opt/devkitpro/libogc/lib/wii/libogc.a(system.o)
 .text.__syscall_malloc_lock
                0x80005f10        0x4 /opt/devkitpro/libogc/lib/wii/libogc.a(system.o)
                0x80005f10                __syscall_malloc_lock
 .text.__syscall_malloc_unlock
                0x80005f14        0x4 /opt/devkitpro/libogc/lib/wii/libogc.a(system.o)
                0x80005f14                __syscall_malloc_unlock
 .text.__SYS_GetRTC
                0x80005f18       0x98 /opt/devkitpro/libogc/lib/wii/libogc.a(system.o)
                0x80005f18                __SYS_GetRTC
 .text.__SYS_SetBootTime
                0x80005fb0      0x108 /opt/devkitpro/libogc/lib/wii/libogc.a(system.o)
                0x80005fb0                __SYS_SetBootTime
 .text.__SYS_GetIPCBufferLo
                0x800060b8        0x8 /opt/devkitpro/libogc/lib/wii/libogc.a(system.o)
                0x800060b8                __SYS_GetIPCBufferLo
 .text.__SYS_GetIPCBufferHi
                0x800060c0        0x8 /opt/devkitpro/libogc/lib/wii/libogc.a(system.o)
                0x800060c0                __SYS_GetIPCBufferHi
 .text.__SYS_PreInit
                0x800060c8        0x4 /opt/devkitpro/libogc/lib/wii/libogc.a(system.o)
                0x800060c8                __SYS_PreInit
 .text.SYS_PreMain
                0x800060cc       0x7c /opt/devkitpro/libogc/lib/wii/libogc.a(system.o)
                0x800060cc                SYS_PreMain
 .text.SYS_ResetButtonDown
                0x80006148       0x18 /opt/devkitpro/libogc/lib/wii/libogc.a(system.o)
                0x80006148                SYS_ResetButtonDown
 .text.SYS_ResetSystem
                0x80006160      0x1f8 /opt/devkitpro/libogc/lib/wii/libogc.a(system.o)
                0x80006160                SYS_ResetSystem
 .text.__reload
                0x80006358       0x84 /opt/devkitpro/libogc/lib/wii/libogc.a(system.o)
                0x80006358                __reload
 .text.__syscall_exit
                0x800063dc       0x8c /opt/devkitpro/libogc/lib/wii/libogc.a(system.o)
                0x800063dc                __syscall_exit
 .text.SYS_RegisterResetFunc
                0x80006468       0x78 /opt/devkitpro/libogc/lib/wii/libogc.a(system.o)
                0x80006468                SYS_RegisterResetFunc
 .text.SYS_SetArena1Lo
                0x800064e0       0x38 /opt/devkitpro/libogc/lib/wii/libogc.a(system.o)
                0x800064e0                SYS_SetArena1Lo
 .text.SYS_GetArena1Lo
                0x80006518       0x38 /opt/devkitpro/libogc/lib/wii/libogc.a(system.o)
                0x80006518                SYS_GetArena1Lo
 .text.SYS_GetArena1Hi
                0x80006550       0x38 /opt/devkitpro/libogc/lib/wii/libogc.a(system.o)
                0x80006550                SYS_GetArena1Hi
 .text.SYS_SetArena2Lo
                0x80006588       0x38 /opt/devkitpro/libogc/lib/wii/libogc.a(system.o)
                0x80006588                SYS_SetArena2Lo
 .text.SYS_GetArena2Lo
                0x800065c0       0x38 /opt/devkitpro/libogc/lib/wii/libogc.a(system.o)
                0x800065c0                SYS_GetArena2Lo
 .text.SYS_GetArena2Hi
                0x800065f8       0x38 /opt/devkitpro/libogc/lib/wii/libogc.a(system.o)
                0x800065f8                SYS_GetArena2Hi
 .text.SYS_CreateAlarm
                0x80006630      0x104 /opt/devkitpro/libogc/lib/wii/libogc.a(system.o)
                0x80006630                SYS_CreateAlarm
 .text.SYS_SetAlarm
                0x80006734      0x1e0 /opt/devkitpro/libogc/lib/wii/libogc.a(system.o)
                0x80006734                SYS_SetAlarm
 .text.SYS_CancelAlarm
                0x80006914       0xbc /opt/devkitpro/libogc/lib/wii/libogc.a(system.o)
                0x80006914                SYS_CancelAlarm
 .text.SYS_GetWirelessID
                0x800069d0       0x90 /opt/devkitpro/libogc/lib/wii/libogc.a(system.o)
                0x800069d0                SYS_GetWirelessID
 .text.SYS_SetWirelessID
                0x80006a60       0x90 /opt/devkitpro/libogc/lib/wii/libogc.a(system.o)
                0x80006a60                SYS_SetWirelessID
 .text.SYS_SetGBSMode
                0x80006af0       0xa8 /opt/devkitpro/libogc/lib/wii/libogc.a(system.o)
                0x80006af0                SYS_SetGBSMode
 .text.__sram_init
                0x80006b98      0x1b8 /opt/devkitpro/libogc/lib/wii/libogc.a(system.o)
                0x80006b98                __sram_init
 .text.SYS_Init
                0x80006d50      0x5b4 /opt/devkitpro/libogc/lib/wii/libogc.a(system.o)
                0x80006d50                SYS_Init
 .text.SYS_GetHollywoodRevision
                0x80007304       0x3c /opt/devkitpro/libogc/lib/wii/libogc.a(system.o)
                0x80007304                SYS_GetHollywoodRevision
 .text.SYS_Time
                0x80007340       0x78 /opt/devkitpro/libogc/lib/wii/libogc.a(system.o)
                0x80007340                SYS_Time
 .text.__lwp_cond_init
                0x800073b8       0x14 /opt/devkitpro/libogc/lib/wii/libogc.a(cond.o)
                0x800073b8                __lwp_cond_init
 .text.__decrementer_init
                0x800073cc        0x4 /opt/devkitpro/libogc/lib/wii/libogc.a(decrementer.o)
                0x800073cc                __decrementer_init
 .text.c_decrementer_handler
                0x800073d0        0xc /opt/devkitpro/libogc/lib/wii/libogc.a(decrementer.o)
                0x800073d0                c_decrementer_handler
 .text.__lwp_mqbox_init
                0x800073dc       0x14 /opt/devkitpro/libogc/lib/wii/libogc.a(message.o)
                0x800073dc                __lwp_mqbox_init
 .text.__si_transfer
                0x800073f0      0x194 /opt/devkitpro/libogc/lib/wii/libogc.a(si.o)
 .text.__si_alarmhandler
                0x80007584       0xdc /opt/devkitpro/libogc/lib/wii/libogc.a(si.o)
 .text.__si_completetransfer
                0x80007660      0x1fc /opt/devkitpro/libogc/lib/wii/libogc.a(si.o)
 .text.__si_transfernext
                0x8000785c       0xe0 /opt/devkitpro/libogc/lib/wii/libogc.a(si.o)
 .text.SI_Busy  0x8000793c       0x18 /opt/devkitpro/libogc/lib/wii/libogc.a(si.o)
                0x8000793c                SI_Busy
 .text.SI_IsChanBusy
                0x80007954       0x38 /opt/devkitpro/libogc/lib/wii/libogc.a(si.o)
                0x80007954                SI_IsChanBusy
 .text.SI_SetXY
                0x8000798c       0x64 /opt/devkitpro/libogc/lib/wii/libogc.a(si.o)
                0x8000798c                SI_SetXY
 .text.SI_EnablePolling
                0x800079f0       0x78 /opt/devkitpro/libogc/lib/wii/libogc.a(si.o)
                0x800079f0                SI_EnablePolling
 .text.SI_DisablePolling
                0x80007a68       0x58 /opt/devkitpro/libogc/lib/wii/libogc.a(si.o)
                0x80007a68                SI_DisablePolling
 .text.SI_SetSamplingRate
                0x80007ac0       0xd8 /opt/devkitpro/libogc/lib/wii/libogc.a(si.o)
                0x80007ac0                SI_SetSamplingRate
 .text.SI_RefreshSamplingRate
                0x80007b98        0x8 /opt/devkitpro/libogc/lib/wii/libogc.a(si.o)
                0x80007b98                SI_RefreshSamplingRate
 .text.SI_GetStatus
                0x80007ba0       0x78 /opt/devkitpro/libogc/lib/wii/libogc.a(si.o)
                0x80007ba0                SI_GetStatus
 .text.SI_GetResponseRaw
                0x80007c18       0xe8 /opt/devkitpro/libogc/lib/wii/libogc.a(si.o)
                0x80007c18                SI_GetResponseRaw
 .text.SI_GetResponse
                0x80007d00       0xb8 /opt/devkitpro/libogc/lib/wii/libogc.a(si.o)
                0x80007d00                SI_GetResponse
 .text.SI_SetCommand
                0x80007db8       0x10 /opt/devkitpro/libogc/lib/wii/libogc.a(si.o)
                0x80007db8                SI_SetCommand
 .text.SI_Transfer
                0x80007dc8      0x268 /opt/devkitpro/libogc/lib/wii/libogc.a(si.o)
                0x80007dc8                SI_Transfer
 .text.__si_gettypecallback
                0x80008030      0x2c0 /opt/devkitpro/libogc/lib/wii/libogc.a(si.o)
 .text.__si_interrupthandler
                0x800082f0      0x268 /opt/devkitpro/libogc/lib/wii/libogc.a(si.o)
 .text.SI_GetType
                0x80008558      0x214 /opt/devkitpro/libogc/lib/wii/libogc.a(si.o)
                0x80008558                SI_GetType
 .text.SI_GetTypeAsync
                0x8000876c      0x138 /opt/devkitpro/libogc/lib/wii/libogc.a(si.o)
                0x8000876c                SI_GetTypeAsync
 .text.SI_EnablePollingInterrupt
                0x800088a4       0x8c /opt/devkitpro/libogc/lib/wii/libogc.a(si.o)
                0x800088a4                SI_EnablePollingInterrupt
 .text.SI_UnregisterPollingHandler
                0x80008930       0xe0 /opt/devkitpro/libogc/lib/wii/libogc.a(si.o)
                0x80008930                SI_UnregisterPollingHandler
 .text.__si_init
                0x80008a10       0xe0 /opt/devkitpro/libogc/lib/wii/libogc.a(si.o)
                0x80008a10                __si_init
 .text.__ipc_sendrequest.part.0
                0x80008af0       0xdc /opt/devkitpro/libogc/lib/wii/libogc.a(ipc.o)
 .text.__ipc_syncrequest
                0x80008bcc       0xec /opt/devkitpro/libogc/lib/wii/libogc.a(ipc.o)
 .text.__ioctlvfmtCB
                0x80008cb8      0x158 /opt/devkitpro/libogc/lib/wii/libogc.a(ipc.o)
 .text.__ios_ioctlvformat_parse
                0x80008e10      0x820 /opt/devkitpro/libogc/lib/wii/libogc.a(ipc.o)
 .text.__ipc_asyncrequest
                0x80009630      0x148 /opt/devkitpro/libogc/lib/wii/libogc.a(ipc.o)
 .text.__ipc_interrupthandler
                0x80009778      0x34c /opt/devkitpro/libogc/lib/wii/libogc.a(ipc.o)
 .text.iosCreateHeap
                0x80009ac4      0x138 /opt/devkitpro/libogc/lib/wii/libogc.a(ipc.o)
                0x80009ac4                iosCreateHeap
 .text.__IPC_ClntInit
                0x80009bfc       0xc8 /opt/devkitpro/libogc/lib/wii/libogc.a(ipc.o)
                0x80009bfc                __IPC_ClntInit
 .text.IOS_Open
                0x80009cc4      0x110 /opt/devkitpro/libogc/lib/wii/libogc.a(ipc.o)
                0x80009cc4                IOS_Open
 .text.IOS_Close
                0x80009dd4       0xf0 /opt/devkitpro/libogc/lib/wii/libogc.a(ipc.o)
                0x80009dd4                IOS_Close
 .text.IOS_Read
                0x80009ec4      0x10c /opt/devkitpro/libogc/lib/wii/libogc.a(ipc.o)
                0x80009ec4                IOS_Read
 .text.IOS_Write
                0x80009fd0      0x10c /opt/devkitpro/libogc/lib/wii/libogc.a(ipc.o)
                0x80009fd0                IOS_Write
 .text.IOS_Ioctl
                0x8000a0dc      0x158 /opt/devkitpro/libogc/lib/wii/libogc.a(ipc.o)
                0x8000a0dc                IOS_Ioctl
 .text.IOS_IoctlAsync
                0x8000a234      0x148 /opt/devkitpro/libogc/lib/wii/libogc.a(ipc.o)
                0x8000a234                IOS_IoctlAsync
 .text.IOS_Ioctlv
                0x8000a37c      0x1f0 /opt/devkitpro/libogc/lib/wii/libogc.a(ipc.o)
                0x8000a37c                IOS_Ioctlv
 .text.IOS_IoctlvFormat
                0x8000a56c      0x16c /opt/devkitpro/libogc/lib/wii/libogc.a(ipc.o)
                0x8000a56c                IOS_IoctlvFormat
 .text.IOS_IoctlvReboot
                0x8000a6d8      0x1f4 /opt/devkitpro/libogc/lib/wii/libogc.a(ipc.o)
                0x8000a6d8                IOS_IoctlvReboot
 .text.gettick  0x8000a8cc        0x8 /opt/devkitpro/libogc/lib/wii/libogc.a(timesupp.o)
                0x8000a8cc                gettick
 .text.gettime  0x8000a8d4       0x18 /opt/devkitpro/libogc/lib/wii/libogc.a(timesupp.o)
                0x8000a8d4                gettime
 .text.settime  0x8000a8ec       0x14 /opt/devkitpro/libogc/lib/wii/libogc.a(timesupp.o)
                0x8000a8ec                settime
 .text.diff_usec
                0x8000a900       0x88 /opt/devkitpro/libogc/lib/wii/libogc.a(timesupp.o)
                0x8000a900                diff_usec
 .text.__timesystem_init
                0x8000a988       0x1c /opt/devkitpro/libogc/lib/wii/libogc.a(timesupp.o)
                0x8000a988                __timesystem_init
 .text.udelay   0x8000a9a4       0xac /opt/devkitpro/libogc/lib/wii/libogc.a(timesupp.o)
                0x8000a9a4                udelay
 .text.__syscall_lock_init
                0x8000aa50       0x6c /opt/devkitpro/libogc/lib/wii/libogc.a(lock_supp.o)
                0x8000aa50                __syscall_lock_init
 .text.__syscall_lock_init_recursive
                0x8000aabc       0x6c /opt/devkitpro/libogc/lib/wii/libogc.a(lock_supp.o)
                0x8000aabc                __syscall_lock_init_recursive
 .text.__syscall_lock_close
                0x8000ab28       0x68 /opt/devkitpro/libogc/lib/wii/libogc.a(lock_supp.o)
                0x8000ab28                __syscall_lock_close
 .text.__syscall_lock_acquire
                0x8000ab90       0x18 /opt/devkitpro/libogc/lib/wii/libogc.a(lock_supp.o)
                0x8000ab90                __syscall_lock_acquire
 .text.__syscall_lock_release
                0x8000aba8       0x18 /opt/devkitpro/libogc/lib/wii/libogc.a(lock_supp.o)
                0x8000aba8                __syscall_lock_release
 .text._sbrk_r  0x8000abc0      0x28c /opt/devkitpro/libogc/lib/wii/libogc.a(sbrk.o)
                0x8000abc0                _sbrk_r
 .text.__memlock_init
                0x8000ae4c       0x7c /opt/devkitpro/libogc/lib/wii/libogc.a(malloc_lock.o)
                0x8000ae4c                __memlock_init
 .text.__libogc_malloc_lock
                0x8000aec8      0x1fc /opt/devkitpro/libogc/lib/wii/libogc.a(malloc_lock.o)
                0x8000aec8                __libogc_malloc_lock
 .text.__libogc_malloc_unlock
                0x8000b0c4       0x64 /opt/devkitpro/libogc/lib/wii/libogc.a(malloc_lock.o)
                0x8000b0c4                __libogc_malloc_unlock
 .text.__STM_SetEventHook
                0x8000b128       0xb0 /opt/devkitpro/libogc/lib/wii/libogc.a(stm.o)
                0x8000b128                __STM_SetEventHook
 .text.__STM_Init
                0x8000b1d8       0x8c /opt/devkitpro/libogc/lib/wii/libogc.a(stm.o)
                0x8000b1d8                __STM_Init
 .text.__STMEventHandler
                0x8000b264       0x64 /opt/devkitpro/libogc/lib/wii/libogc.a(stm.o)
 .text.__STM_ReleaseEventHook
                0x8000b2c8       0x80 /opt/devkitpro/libogc/lib/wii/libogc.a(stm.o)
                0x8000b2c8                __STM_ReleaseEventHook
 .text.__STM_Close
                0x8000b348       0xac /opt/devkitpro/libogc/lib/wii/libogc.a(stm.o)
                0x8000b348                __STM_Close
 .text.STM_RegisterEventHandler
                0x8000b3f4       0x10 /opt/devkitpro/libogc/lib/wii/libogc.a(stm.o)
                0x8000b3f4                STM_RegisterEventHandler
 .text.STM_ShutdownToStandby
                0x8000b404       0x50 /opt/devkitpro/libogc/lib/wii/libogc.a(stm.o)
                0x8000b404                STM_ShutdownToStandby
 .text.STM_ShutdownToIdle
                0x8000b454       0x70 /opt/devkitpro/libogc/lib/wii/libogc.a(stm.o)
                0x8000b454                STM_ShutdownToIdle
 .text.STM_SetLedMode
                0x8000b4c4       0x40 /opt/devkitpro/libogc/lib/wii/libogc.a(stm.o)
                0x8000b4c4                STM_SetLedMode
 .text.STM_RebootSystem
                0x8000b504       0x50 /opt/devkitpro/libogc/lib/wii/libogc.a(stm.o)
                0x8000b504                STM_RebootSystem
 .text.__IOS_InitializeSubsystems
                0x8000b554       0x44 /opt/devkitpro/libogc/lib/wii/libogc.a(ios.o)
                0x8000b554                __IOS_InitializeSubsystems
 .text.__IOS_ShutdownSubsystems
                0x8000b598       0x44 /opt/devkitpro/libogc/lib/wii/libogc.a(ios.o)
                0x8000b598                __IOS_ShutdownSubsystems
 .text.__IOS_LoadStartupIOS
                0x8000b5dc        0x8 /opt/devkitpro/libogc/lib/wii/libogc.a(ios.o)
                0x8000b5dc                __IOS_LoadStartupIOS
 .text._ES_fstat_r
                0x8000b5e4      0x120 /opt/devkitpro/libogc/lib/wii/libogc.a(es.o)
 .text._ES_seek_r
                0x8000b704       0xdc /opt/devkitpro/libogc/lib/wii/libogc.a(es.o)
 .text._ES_close_r
                0x8000b7e0       0xac /opt/devkitpro/libogc/lib/wii/libogc.a(es.o)
 .text.__ES_Init
                0x8000b88c       0x78 /opt/devkitpro/libogc/lib/wii/libogc.a(es.o)
                0x8000b88c                __ES_Init
 .text.__ES_Close
                0x8000b904       0x54 /opt/devkitpro/libogc/lib/wii/libogc.a(es.o)
                0x8000b904                __ES_Close
 .text.ES_GetTitleID
                0x8000b958       0x94 /opt/devkitpro/libogc/lib/wii/libogc.a(es.o)
                0x8000b958                ES_GetTitleID
 .text.ES_LaunchTitle
                0x8000b9ec       0xa4 /opt/devkitpro/libogc/lib/wii/libogc.a(es.o)
                0x8000b9ec                ES_LaunchTitle
 .text.ES_GetNumTicketViews
                0x8000ba90       0x98 /opt/devkitpro/libogc/lib/wii/libogc.a(es.o)
                0x8000ba90                ES_GetNumTicketViews
 .text.ES_GetTicketViews
                0x8000bb28       0x8c /opt/devkitpro/libogc/lib/wii/libogc.a(es.o)
                0x8000bb28                ES_GetTicketViews
 .text.ES_GetStoredTMD
                0x8000bbb4       0x90 /opt/devkitpro/libogc/lib/wii/libogc.a(es.o)
                0x8000bbb4                ES_GetStoredTMD
 .text._ES_decodepath
                0x8000bc44      0x440 /opt/devkitpro/libogc/lib/wii/libogc.a(es.o)
 .text._ES_stat_r
                0x8000c084       0xec /opt/devkitpro/libogc/lib/wii/libogc.a(es.o)
 .text._ES_open_r
                0x8000c170      0x1d0 /opt/devkitpro/libogc/lib/wii/libogc.a(es.o)
 .text.ES_ReadContent
                0x8000c340       0x6c /opt/devkitpro/libogc/lib/wii/libogc.a(es.o)
                0x8000c340                ES_ReadContent
 .text._ES_read_r
                0x8000c3ac      0x1a0 /opt/devkitpro/libogc/lib/wii/libogc.a(es.o)
 .text.__CheckARGV
                0x8000c54c       0x80 /opt/devkitpro/libogc/lib/wii/libogc.a(argv.o)
                0x8000c54c                __CheckARGV
 .text.CONF_Init
                0x8000c5cc      0x180 /opt/devkitpro/libogc/lib/wii/libogc.a(conf.o)
                0x8000c5cc                CONF_Init
 .text.__CONF_Find
                0x8000c74c       0xfc /opt/devkitpro/libogc/lib/wii/libogc.a(conf.o)
                0x8000c74c                __CONF_Find
 .text.CONF_GetLength
                0x8000c848      0x12c /opt/devkitpro/libogc/lib/wii/libogc.a(conf.o)
                0x8000c848                CONF_GetLength
 .text.CONF_Get
                0x8000c974      0x140 /opt/devkitpro/libogc/lib/wii/libogc.a(conf.o)
                0x8000c974                CONF_Get
 .text.CONF_GetShutdownMode
                0x8000cab4       0x54 /opt/devkitpro/libogc/lib/wii/libogc.a(conf.o)
                0x8000cab4                CONF_GetShutdownMode
 .text.CONF_GetIdleLedMode
                0x8000cb08       0x54 /opt/devkitpro/libogc/lib/wii/libogc.a(conf.o)
                0x8000cb08                CONF_GetIdleLedMode
 .text.CONF_GetCounterBias
                0x8000cb5c       0x4c /opt/devkitpro/libogc/lib/wii/libogc.a(conf.o)
                0x8000cb5c                CONF_GetCounterBias
 .text.__WII_WriteNANDBootInfo.isra.0
                0x8000cba8       0xbc /opt/devkitpro/libogc/lib/wii/libogc.a(wiilaunch.o)
 .text.__WII_WriteStateFlags.isra.0
                0x8000cc64       0x94 /opt/devkitpro/libogc/lib/wii/libogc.a(wiilaunch.o)
 .text.WII_Initialize
                0x8000ccf8      0x188 /opt/devkitpro/libogc/lib/wii/libogc.a(wiilaunch.o)
                0x8000ccf8                WII_Initialize
 .text.WII_LaunchTitle
                0x8000ce80      0x1ac /opt/devkitpro/libogc/lib/wii/libogc.a(wiilaunch.o)
                0x8000ce80                WII_LaunchTitle
 .text.WII_ReturnToMenu
                0x8000d02c       0x58 /opt/devkitpro/libogc/lib/wii/libogc.a(wiilaunch.o)
                0x8000d02c                WII_ReturnToMenu
 .text.__lwp_priority_init
                0x8000d084       0x1c /opt/devkitpro/libogc/lib/wii/libogc.a(lwp_priority.o)
                0x8000d084                __lwp_priority_init
 .text.__lwp_threadqueue_enqueuefifo
                0x8000d0a0      0x12c /opt/devkitpro/libogc/lib/wii/libogc.a(lwp_threadq.o)
                0x8000d0a0                __lwp_threadqueue_enqueuefifo
 .text.__lwp_threadqueue_dequeuefifo
                0x8000d1cc      0x140 /opt/devkitpro/libogc/lib/wii/libogc.a(lwp_threadq.o)
                0x8000d1cc                __lwp_threadqueue_dequeuefifo
 .text.__lwp_threadqueue_enqueuepriority
                0x8000d30c      0x338 /opt/devkitpro/libogc/lib/wii/libogc.a(lwp_threadq.o)
                0x8000d30c                __lwp_threadqueue_enqueuepriority
 .text.__lwp_threadqueue_dequeuepriority
                0x8000d644      0x1d8 /opt/devkitpro/libogc/lib/wii/libogc.a(lwp_threadq.o)
                0x8000d644                __lwp_threadqueue_dequeuepriority
 .text.__lwp_threadqueue_init
                0x8000d81c       0x64 /opt/devkitpro/libogc/lib/wii/libogc.a(lwp_threadq.o)
                0x8000d81c                __lwp_threadqueue_init
 .text.__lwp_threadqueue_enqueue
                0x8000d880      0x138 /opt/devkitpro/libogc/lib/wii/libogc.a(lwp_threadq.o)
                0x8000d880                __lwp_threadqueue_enqueue
 .text.__lwp_threadqueue_dequeue
                0x8000d9b8       0x24 /opt/devkitpro/libogc/lib/wii/libogc.a(lwp_threadq.o)
                0x8000d9b8                __lwp_threadqueue_dequeue
 .text.__lwp_threadqueue_flush
                0x8000d9dc       0x68 /opt/devkitpro/libogc/lib/wii/libogc.a(lwp_threadq.o)
                0x8000d9dc                __lwp_threadqueue_flush
 .text.__lwp_threadqueue_extractfifo
                0x8000da44       0xe8 /opt/devkitpro/libogc/lib/wii/libogc.a(lwp_threadq.o)
                0x8000da44                __lwp_threadqueue_extractfifo
 .text.__lwp_threadqueue_extractpriority
                0x8000db2c      0x148 /opt/devkitpro/libogc/lib/wii/libogc.a(lwp_threadq.o)
                0x8000db2c                __lwp_threadqueue_extractpriority
 .text.__lwp_threadqueue_timeout
                0x8000dc74       0xd0 /opt/devkitpro/libogc/lib/wii/libogc.a(lwp_threadq.o)
 .text.__lwp_threadqueue_extractproxy
                0x8000dd44       0x64 /opt/devkitpro/libogc/lib/wii/libogc.a(lwp_threadq.o)
                0x8000dd44                __lwp_threadqueue_extractproxy
 .text.__syscall_getreent
                0x8000dda8       0x24 /opt/devkitpro/libogc/lib/wii/libogc.a(lwp_threads.o)
                0x8000dda8                __syscall_getreent
 .text.__lwp_isr_in_progress
                0x8000ddcc        0x8 /opt/devkitpro/libogc/lib/wii/libogc.a(lwp_threads.o)
                0x8000ddcc                __lwp_isr_in_progress
 .text.__thread_dispatch_fp
                0x8000ddd4       0x88 /opt/devkitpro/libogc/lib/wii/libogc.a(lwp_threads.o)
                0x8000ddd4                __thread_dispatch_fp
 .text.__thread_dispatch
                0x8000de5c       0xf4 /opt/devkitpro/libogc/lib/wii/libogc.a(lwp_threads.o)
                0x8000de5c                __thread_dispatch
 .text.__lwp_thread_resettimeslice
                0x8000df50       0xb4 /opt/devkitpro/libogc/lib/wii/libogc.a(lwp_threads.o)
                0x8000df50                __lwp_thread_resettimeslice
 .text.__lwp_thread_tickle_timeslice
                0x8000e004       0xc8 /opt/devkitpro/libogc/lib/wii/libogc.a(lwp_threads.o)
                0x8000e004                __lwp_thread_tickle_timeslice
 .text.__lwp_thread_setstate
                0x8000e0cc      0x16c /opt/devkitpro/libogc/lib/wii/libogc.a(lwp_threads.o)
                0x8000e0cc                __lwp_thread_setstate
 .text.__lwp_thread_clearstate
                0x8000e238       0xe4 /opt/devkitpro/libogc/lib/wii/libogc.a(lwp_threads.o)
                0x8000e238                __lwp_thread_clearstate
 .text.__lwp_thread_settransient
                0x8000e31c       0xb4 /opt/devkitpro/libogc/lib/wii/libogc.a(lwp_threads.o)
                0x8000e31c                __lwp_thread_settransient
 .text.__lwp_thread_changepriority
                0x8000e3d0      0x1f8 /opt/devkitpro/libogc/lib/wii/libogc.a(lwp_threads.o)
                0x8000e3d0                __lwp_thread_changepriority
 .text.__lwp_thread_ready
                0x8000e5c8       0xf0 /opt/devkitpro/libogc/lib/wii/libogc.a(lwp_threads.o)
                0x8000e5c8                __lwp_thread_ready
 .text.__lwp_thread_init
                0x8000e6b8      0x160 /opt/devkitpro/libogc/lib/wii/libogc.a(lwp_threads.o)
                0x8000e6b8                __lwp_thread_init
 .text.__lwp_thread_close
                0x8000e818      0x144 /opt/devkitpro/libogc/lib/wii/libogc.a(lwp_threads.o)
                0x8000e818                __lwp_thread_close
 .text.__lwp_thread_handler
                0x8000e95c       0xc0 /opt/devkitpro/libogc/lib/wii/libogc.a(lwp_threads.o)
 .text.__lwp_thread_closeall
                0x8000ea1c       0xb0 /opt/devkitpro/libogc/lib/wii/libogc.a(lwp_threads.o)
                0x8000ea1c                __lwp_thread_closeall
 .text.__lwp_thread_start
                0x8000eacc      0x150 /opt/devkitpro/libogc/lib/wii/libogc.a(lwp_threads.o)
                0x8000eacc                __lwp_thread_start
 .text.__lwp_thread_startmultitasking
                0x8000ec1c       0xac /opt/devkitpro/libogc/lib/wii/libogc.a(lwp_threads.o)
                0x8000ec1c                __lwp_thread_startmultitasking
 .text.__lwp_thread_stopmultitasking
                0x8000ecc8       0x58 /opt/devkitpro/libogc/lib/wii/libogc.a(lwp_threads.o)
                0x8000ecc8                __lwp_thread_stopmultitasking
 .text.__lwp_thread_coreinit
                0x8000ed20       0xc4 /opt/devkitpro/libogc/lib/wii/libogc.a(lwp_threads.o)
                0x8000ed20                __lwp_thread_coreinit
 .text.idle_func
                0x8000ede4        0x4 /opt/devkitpro/libogc/lib/wii/libogc.a(lwp.o)
 .text.__lwp_sysinit
                0x8000ede8      0x114 /opt/devkitpro/libogc/lib/wii/libogc.a(lwp.o)
                0x8000ede8                __lwp_sysinit
 .text.LWP_InitQueue
                0x8000eefc      0x148 /opt/devkitpro/libogc/lib/wii/libogc.a(lwp.o)
                0x8000eefc                LWP_InitQueue
 .text.LWP_CloseQueue
                0x8000f044       0xd4 /opt/devkitpro/libogc/lib/wii/libogc.a(lwp.o)
                0x8000f044                LWP_CloseQueue
 .text.LWP_ThreadSleep
                0x8000f118       0xf8 /opt/devkitpro/libogc/lib/wii/libogc.a(lwp.o)
                0x8000f118                LWP_ThreadSleep
 .text.LWP_ThreadBroadcast
                0x8000f210       0x88 /opt/devkitpro/libogc/lib/wii/libogc.a(lwp.o)
                0x8000f210                LWP_ThreadBroadcast
 .text.LWP_ThreadSignal
                0x8000f298       0x74 /opt/devkitpro/libogc/lib/wii/libogc.a(lwp.o)
                0x8000f298                LWP_ThreadSignal
 .text.__lwp_stack_allocate
                0x8000f30c       0x60 /opt/devkitpro/libogc/lib/wii/libogc.a(lwp_stack.o)
                0x8000f30c                __lwp_stack_allocate
 .text.__lwp_stack_free
                0x8000f36c       0x1c /opt/devkitpro/libogc/lib/wii/libogc.a(lwp_stack.o)
                0x8000f36c                __lwp_stack_free
 .text.__lwp_mutex_initialize
                0x8000f388       0xa4 /opt/devkitpro/libogc/lib/wii/libogc.a(lwp_mutex.o)
                0x8000f388                __lwp_mutex_initialize
 .text.__lwp_mutex_surrender
                0x8000f42c      0x14c /opt/devkitpro/libogc/lib/wii/libogc.a(lwp_mutex.o)
                0x8000f42c                __lwp_mutex_surrender
 .text.__lwp_mutex_seize_irq_blocking
                0x8000f578       0xf8 /opt/devkitpro/libogc/lib/wii/libogc.a(lwp_mutex.o)
                0x8000f578                __lwp_mutex_seize_irq_blocking
 .text.__lwp_mutex_flush
                0x8000f670        0x4 /opt/devkitpro/libogc/lib/wii/libogc.a(lwp_mutex.o)
                0x8000f670                __lwp_mutex_flush
 .text.__lwp_wd_settimer
                0x8000f674       0xdc /opt/devkitpro/libogc/lib/wii/libogc.a(lwp_watchdog.o)
 .text.__lwp_watchdog_init
                0x8000f750       0x2c /opt/devkitpro/libogc/lib/wii/libogc.a(lwp_watchdog.o)
                0x8000f750                __lwp_watchdog_init
 .text.__lwp_wd_insert
                0x8000f77c      0x19c /opt/devkitpro/libogc/lib/wii/libogc.a(lwp_watchdog.o)
                0x8000f77c                __lwp_wd_insert
 .text.__lwp_wd_remove
                0x8000f918      0x138 /opt/devkitpro/libogc/lib/wii/libogc.a(lwp_watchdog.o)
                0x8000f918                __lwp_wd_remove
 .text.__lwp_wd_tickle
                0x8000fa50      0x120 /opt/devkitpro/libogc/lib/wii/libogc.a(lwp_watchdog.o)
                0x8000fa50                __lwp_wd_tickle
 .text.__lwp_wkspace_init
                0x8000fb70       0xc0 /opt/devkitpro/libogc/lib/wii/libogc.a(lwp_wkspace.o)
                0x8000fb70                __lwp_wkspace_init
 .text.__lwp_objmgr_initinfo
                0x8000fc30      0x1a0 /opt/devkitpro/libogc/lib/wii/libogc.a(lwp_objmgr.o)
                0x8000fc30                __lwp_objmgr_initinfo
 .text.__lwp_objmgr_getisrdisable
                0x8000fdd0       0x60 /opt/devkitpro/libogc/lib/wii/libogc.a(lwp_objmgr.o)
                0x8000fdd0                __lwp_objmgr_getisrdisable
 .text.__lwp_objmgr_getnoprotection
                0x8000fe30       0x24 /opt/devkitpro/libogc/lib/wii/libogc.a(lwp_objmgr.o)
                0x8000fe30                __lwp_objmgr_getnoprotection
 .text.__lwp_objmgr_get
                0x8000fe54       0x6c /opt/devkitpro/libogc/lib/wii/libogc.a(lwp_objmgr.o)
                0x8000fe54                __lwp_objmgr_get
 .text.__lwp_objmgr_allocate
                0x8000fec0       0x88 /opt/devkitpro/libogc/lib/wii/libogc.a(lwp_objmgr.o)
                0x8000fec0                __lwp_objmgr_allocate
 .text.__lwp_objmgr_free
                0x8000ff48       0x60 /opt/devkitpro/libogc/lib/wii/libogc.a(lwp_objmgr.o)
                0x8000ff48                __lwp_objmgr_free
 .text.__lwp_heap_init
                0x8000ffa8       0xa4 /opt/devkitpro/libogc/lib/wii/libogc.a(lwp_heap.o)
                0x8000ffa8                __lwp_heap_init
 .text.__lwp_heap_allocate
                0x8001004c      0x160 /opt/devkitpro/libogc/lib/wii/libogc.a(lwp_heap.o)
                0x8001004c                __lwp_heap_allocate
 .text.__lwp_heap_free
                0x800101ac      0x188 /opt/devkitpro/libogc/lib/wii/libogc.a(lwp_heap.o)
                0x800101ac                __lwp_heap_free
 .text.__systemcall_init
                0x80010334       0x6c /opt/devkitpro/libogc/lib/wii/libogc.a(exception.o)
                0x80010334                __systemcall_init
 .text.__exception_init
                0x800103a0      0x120 /opt/devkitpro/libogc/lib/wii/libogc.a(exception.o)
                0x800103a0                __exception_init
 .text.__exception_close
                0x800104c0       0xac /opt/devkitpro/libogc/lib/wii/libogc.a(exception.o)
                0x800104c0                __exception_close
 .text.__exception_closeall
                0x8001056c       0x80 /opt/devkitpro/libogc/lib/wii/libogc.a(exception.o)
                0x8001056c                __exception_closeall
 .text.c_default_exceptionhandler
                0x800105ec      0x474 /opt/devkitpro/libogc/lib/wii/libogc.a(exception.o)
                0x800105ec                c_default_exceptionhandler
 .text.__SetInterrupts
                0x80010a60      0x268 /opt/devkitpro/libogc/lib/wii/libogc.a(irq.o)
 .text.c_irqdispatcher
                0x80010cc8      0x268 /opt/devkitpro/libogc/lib/wii/libogc.a(irq.o)
                0x80010cc8                c_irqdispatcher
 .text.__UnmaskIrq
                0x80010f30       0x84 /opt/devkitpro/libogc/lib/wii/libogc.a(irq.o)
                0x80010f30                __UnmaskIrq
 .text.__MaskIrq
                0x80010fb4       0x84 /opt/devkitpro/libogc/lib/wii/libogc.a(irq.o)
                0x80010fb4                __MaskIrq
 .text.__irq_init
                0x80011038       0x84 /opt/devkitpro/libogc/lib/wii/libogc.a(irq.o)
                0x80011038                __irq_init
 .text.IRQ_Request
                0x800110bc       0x50 /opt/devkitpro/libogc/lib/wii/libogc.a(irq.o)
                0x800110bc                IRQ_Request
 .text.IRQ_GetHandler
                0x8001110c       0x44 /opt/devkitpro/libogc/lib/wii/libogc.a(irq.o)
                0x8001110c                IRQ_GetHandler
 .text.__lwp_sema_init
                0x80011150       0x14 /opt/devkitpro/libogc/lib/wii/libogc.a(semaphore.o)
                0x80011150                __lwp_sema_init
 .text.__setFbbRegs.constprop.0
                0x80011164      0x190 /opt/devkitpro/libogc/lib/wii/libogc.a(video.o)
 .text.VIDEO_SetFramebuffer
                0x800112f4       0xd0 /opt/devkitpro/libogc/lib/wii/libogc.a(video.o)
                0x800112f4                VIDEO_SetFramebuffer
 .text.VIDEO_Flush
                0x800113c4       0xf4 /opt/devkitpro/libogc/lib/wii/libogc.a(video.o)
                0x800113c4                VIDEO_Flush
 .text.VIDEO_SetBlack
                0x800114b8      0x15c /opt/devkitpro/libogc/lib/wii/libogc.a(video.o)
                0x800114b8                VIDEO_SetBlack
 .text.VIDEO_GetCurrentTvMode
                0x80011614       0x78 /opt/devkitpro/libogc/lib/wii/libogc.a(video.o)
                0x80011614                VIDEO_GetCurrentTvMode
 .text.VIDEO_GetCurrentLine
                0x8001168c       0xa0 /opt/devkitpro/libogc/lib/wii/libogc.a(video.o)
                0x8001168c                VIDEO_GetCurrentLine
 .text.SPEC1_MakeStatus
                0x8001172c      0x104 /opt/devkitpro/libogc/lib/wii/libogc.a(pad.o)
 .text.__pad_samplinghandler
                0x80011830        0x4 /opt/devkitpro/libogc/lib/wii/libogc.a(pad.o)
 .text.__pad_doreset
                0x80011834       0x50 /opt/devkitpro/libogc/lib/wii/libogc.a(pad.o)
 .text.__pad_updateorigin
                0x80011884       0xa4 /opt/devkitpro/libogc/lib/wii/libogc.a(pad.o)
 .text.__pad_disable
                0x80011928       0xbc /opt/devkitpro/libogc/lib/wii/libogc.a(pad.o)
 .text.__pad_receivecheckcallback
                0x800119e4       0x84 /opt/devkitpro/libogc/lib/wii/libogc.a(pad.o)
 .text.__pad_typeandstatuscallback
                0x80011a68      0x1ac /opt/devkitpro/libogc/lib/wii/libogc.a(pad.o)
 .text.__pad_originupdatecallback
                0x80011c14       0x2c /opt/devkitpro/libogc/lib/wii/libogc.a(pad.o)
 .text.SPEC2_MakeStatus
                0x80011c40      0x214 /opt/devkitpro/libogc/lib/wii/libogc.a(pad.o)
 .text.__pad_onreset
                0x80011e54      0x108 /opt/devkitpro/libogc/lib/wii/libogc.a(pad.o)
 .text.__pad_origincallback
                0x80011f5c       0x74 /opt/devkitpro/libogc/lib/wii/libogc.a(pad.o)
 .text.__pad_probecallback
                0x80011fd0       0x88 /opt/devkitpro/libogc/lib/wii/libogc.a(pad.o)
 .text.__PADDisableRecalibration
                0x80012058       0x60 /opt/devkitpro/libogc/lib/wii/libogc.a(pad.o)
                0x80012058                __PADDisableRecalibration
 .text.PAD_Reset
                0x800120b8       0xf0 /opt/devkitpro/libogc/lib/wii/libogc.a(pad.o)
                0x800120b8                PAD_Reset
 .text.PAD_Read
                0x800121a8      0x2d4 /opt/devkitpro/libogc/lib/wii/libogc.a(pad.o)
                0x800121a8                PAD_Read
 .text.PAD_Init
                0x8001247c      0x100 /opt/devkitpro/libogc/lib/wii/libogc.a(pad.o)
                0x8001247c                PAD_Init
 .text.PAD_ScanPads
                0x8001257c      0x14c /opt/devkitpro/libogc/lib/wii/libogc.a(pad.o)
                0x8001257c                PAD_ScanPads
 .text.PAD_ButtonsDown
                0x800126c8       0x40 /opt/devkitpro/libogc/lib/wii/libogc.a(pad.o)
                0x800126c8                PAD_ButtonsDown
 .text.__exi_irq_handler
                0x80012708       0x58 /opt/devkitpro/libogc/lib/wii/libogc.a(exi.o)
 .text.__ext_irq_handler
                0x80012760       0xc8 /opt/devkitpro/libogc/lib/wii/libogc.a(exi.o)
 .text.__tc_irq_handler
                0x80012828      0x178 /opt/devkitpro/libogc/lib/wii/libogc.a(exi.o)
 .text.__exi_probe
                0x800129a0      0x214 /opt/devkitpro/libogc/lib/wii/libogc.a(exi.o)
 .text.__exi_attach
                0x80012bb4      0x104 /opt/devkitpro/libogc/lib/wii/libogc.a(exi.o)
 .text.EXI_Lock
                0x80012cb8      0x218 /opt/devkitpro/libogc/lib/wii/libogc.a(exi.o)
                0x80012cb8                EXI_Lock
 .text.EXI_Unlock
                0x80012ed0      0x224 /opt/devkitpro/libogc/lib/wii/libogc.a(exi.o)
                0x80012ed0                EXI_Unlock
 .text.EXI_Select
                0x800130f4      0x21c /opt/devkitpro/libogc/lib/wii/libogc.a(exi.o)
                0x800130f4                EXI_Select
 .text.EXI_Deselect
                0x80013310      0x174 /opt/devkitpro/libogc/lib/wii/libogc.a(exi.o)
                0x80013310                EXI_Deselect
 .text.EXI_Sync
                0x80013484      0x108 /opt/devkitpro/libogc/lib/wii/libogc.a(exi.o)
                0x80013484                EXI_Sync
 .text.EXI_Imm  0x8001358c      0x1f8 /opt/devkitpro/libogc/lib/wii/libogc.a(exi.o)
                0x8001358c                EXI_Imm
 .text.EXI_ImmEx
                0x80013784       0xd0 /opt/devkitpro/libogc/lib/wii/libogc.a(exi.o)
                0x80013784                EXI_ImmEx
 .text.EXI_Dma  0x80013854      0x16c /opt/devkitpro/libogc/lib/wii/libogc.a(exi.o)
                0x80013854                EXI_Dma
 .text.EXI_Detach
                0x800139c0       0xac /opt/devkitpro/libogc/lib/wii/libogc.a(exi.o)
                0x800139c0                EXI_Detach
 .text.EXI_GetID
                0x80013a6c      0x354 /opt/devkitpro/libogc/lib/wii/libogc.a(exi.o)
                0x80013a6c                EXI_GetID
 .text.__unlocked_handler
                0x80013dc0       0x28 /opt/devkitpro/libogc/lib/wii/libogc.a(exi.o)
 .text.EXI_ProbeReset
                0x80013de8       0x70 /opt/devkitpro/libogc/lib/wii/libogc.a(exi.o)
                0x80013de8                EXI_ProbeReset
 .text.__exi_init
                0x80013e58      0x178 /opt/devkitpro/libogc/lib/wii/libogc.a(exi.o)
                0x80013e58                __exi_init
 .text.__lwp_mutex_locksupp.constprop.0
                0x80013fd0      0x2a8 /opt/devkitpro/libogc/lib/wii/libogc.a(mutex.o)
 .text.__lwp_mutex_init
                0x80014278       0x14 /opt/devkitpro/libogc/lib/wii/libogc.a(mutex.o)
                0x80014278                __lwp_mutex_init
 .text.LWP_MutexInit
                0x8001428c       0xf8 /opt/devkitpro/libogc/lib/wii/libogc.a(mutex.o)
                0x8001428c                LWP_MutexInit
 .text.LWP_MutexDestroy
                0x80014384      0x104 /opt/devkitpro/libogc/lib/wii/libogc.a(mutex.o)
                0x80014384                LWP_MutexDestroy
 .text.LWP_MutexLock
                0x80014488        0x8 /opt/devkitpro/libogc/lib/wii/libogc.a(mutex.o)
                0x80014488                LWP_MutexLock
 .text.LWP_MutexUnlock
                0x80014490       0x9c /opt/devkitpro/libogc/lib/wii/libogc.a(mutex.o)
                0x80014490                LWP_MutexUnlock
 .text.__GX_InitRevBits
                0x8001452c       0x98 /opt/devkitpro/libogc/lib/wii/libogc.a(gx.o)
 .text.GX_AbortFrame
                0x800145c4      0x374 /opt/devkitpro/libogc/lib/wii/libogc.a(gx.o)
                0x800145c4                GX_AbortFrame
 .text.number   0x80014938      0x410 /opt/devkitpro/libogc/lib/wii/libogc.a(kprintf.o)
 .text.kvsprintf
                0x80014d48      0x900 /opt/devkitpro/libogc/lib/wii/libogc.a(kprintf.o)
                0x80014d48                kvsprintf
 .text.kprintf  0x80015648       0xac /opt/devkitpro/libogc/lib/wii/libogc.a(kprintf.o)
                0x80015648                kprintf
 .text.net_wc24cleanup
                0x800156f4       0x64 /opt/devkitpro/libogc/lib/wii/libogc.a(network_wii.o)
                0x800156f4                net_wc24cleanup
 .text.__console_clear_line
                0x80015758       0xb8 /opt/devkitpro/libogc/lib/wii/libogc.a(console.o)
 .text.__console_clear
                0x80015810       0xbc /opt/devkitpro/libogc/lib/wii/libogc.a(console.o)
 .text.__console_write
                0x800158cc      0x830 /opt/devkitpro/libogc/lib/wii/libogc.a(console.o)
                0x800158cc                __console_write
 .text.__console_init
                0x800160fc      0x120 /opt/devkitpro/libogc/lib/wii/libogc.a(console.o)
                0x800160fc                __console_init
 .text.CON_EnableGecko
                0x8001621c      0x100 /opt/devkitpro/libogc/lib/wii/libogc.a(console.o)
                0x8001621c                CON_EnableGecko
 .text.__lwp_queue_initialize
                0x8001631c       0x98 /opt/devkitpro/libogc/lib/wii/libogc.a(lwp_queue.o)
                0x8001631c                __lwp_queue_initialize
 .text.__lwp_queue_get
                0x800163b4       0x74 /opt/devkitpro/libogc/lib/wii/libogc.a(lwp_queue.o)
                0x800163b4                __lwp_queue_get
 .text.__lwp_queue_append
                0x80016428       0x4c /opt/devkitpro/libogc/lib/wii/libogc.a(lwp_queue.o)
                0x80016428                __lwp_queue_append
 .text.__usbgecko_exi_unlock
                0x80016474       0x34 /opt/devkitpro/libogc/lib/wii/libogc.a(usbgecko.o)
 .text.usb_isgeckoalive
                0x800164a8      0x1bc /opt/devkitpro/libogc/lib/wii/libogc.a(usbgecko.o)
                0x800164a8                usb_isgeckoalive
 .text.usb_sendbuffer_ex
                0x80016664      0x214 /opt/devkitpro/libogc/lib/wii/libogc.a(usbgecko.o)
                0x80016664                usb_sendbuffer_ex
 .text.usb_sendbuffer
                0x80016878        0x8 /opt/devkitpro/libogc/lib/wii/libogc.a(usbgecko.o)
                0x80016878                usb_sendbuffer
 .text.usb_sendbuffer_safe_ex
                0x80016880      0x2ac /opt/devkitpro/libogc/lib/wii/libogc.a(usbgecko.o)
                0x80016880                usb_sendbuffer_safe_ex
 .text.usb_sendbuffer_safe
                0x80016b2c        0x8 /opt/devkitpro/libogc/lib/wii/libogc.a(usbgecko.o)
                0x80016b2c                usb_sendbuffer_safe
 .text.__udivdi3
                0x80016b34      0x3b8 /opt/devkitpro/devkitPPC/bin/../lib/gcc/powerpc-eabi/14.2.0/libgcc.a(_udivdi3.o)
                0x80016b34                __udivdi3
 .text.__umoddi3
                0x80016eec      0x390 /opt/devkitpro/devkitPPC/bin/../lib/gcc/powerpc-eabi/14.2.0/libgcc.a(_umoddi3.o)
                0x80016eec                __umoddi3
 .text.unlikely.abort
                0x8001727c       0x2c /opt/devkitpro/devkitPPC/bin/../lib/gcc/powerpc-eabi/14.2.0/../../../../powerpc-eabi/lib/libsysbase.a(libsysbase_libsysbase_a-abort.o)
                0x8001727c                abort
 .text.build_argv
                0x800172a8      0x10c /opt/devkitpro/devkitPPC/bin/../lib/gcc/powerpc-eabi/14.2.0/../../../../powerpc-eabi/lib/libsysbase.a(libsysbase_libsysbase_a-build_argv.o)
                0x800172a8                build_argv
 .text.__getreent
                0x800173b4       0x20 /opt/devkitpro/devkitPPC/bin/../lib/gcc/powerpc-eabi/14.2.0/../../../../powerpc-eabi/lib/libsysbase.a(libsysbase_libsysbase_a-getreent.o)
                0x800173b4                __getreent
 .text.null_write
                0x800173d4        0x8 /opt/devkitpro/devkitPPC/bin/../lib/gcc/powerpc-eabi/14.2.0/../../../../powerpc-eabi/lib/libsysbase.a(libsysbase_libsysbase_a-iosupport.o)
 .text.FindDevice
                0x800173dc      0x14c /opt/devkitpro/devkitPPC/bin/../lib/gcc/powerpc-eabi/14.2.0/../../../../powerpc-eabi/lib/libsysbase.a(libsysbase_libsysbase_a-iosupport.o)
                0x800173dc                FindDevice
 .text.RemoveDevice
                0x80017528       0x44 /opt/devkitpro/devkitPPC/bin/../lib/gcc/powerpc-eabi/14.2.0/../../../../powerpc-eabi/lib/libsysbase.a(libsysbase_libsysbase_a-iosupport.o)
                0x80017528                RemoveDevice
 .text.AddDevice
                0x8001756c      0x118 /opt/devkitpro/devkitPPC/bin/../lib/gcc/powerpc-eabi/14.2.0/../../../../powerpc-eabi/lib/libsysbase.a(libsysbase_libsysbase_a-iosupport.o)
                0x8001756c                AddDevice
 .text._exit    0x80017684       0x28 /opt/devkitpro/devkitPPC/bin/../lib/gcc/powerpc-eabi/14.2.0/../../../../powerpc-eabi/lib/libsysbase.a(libsysbase_libsysbase_a-_exit.o)
                0x80017684                _exit
 .text.strcmp   0x800176ac       0x9c /opt/devkitpro/devkitPPC/bin/../lib/gcc/powerpc-eabi/14.2.0/../../../../powerpc-eabi/lib/libc.a(libc_a-strcmp.o)
                0x800176ac                strcmp
 .text.memset   0x80017748      0x190 /opt/devkitpro/devkitPPC/bin/../lib/gcc/powerpc-eabi/14.2.0/../../../../powerpc-eabi/lib/libc.a(libc_a-memset.o)
                0x80017748                memset
 .text.strchr   0x800178d8      0x154 /opt/devkitpro/devkitPPC/bin/../lib/gcc/powerpc-eabi/14.2.0/../../../../powerpc-eabi/lib/libc.a(libc_a-strchr.o)
                0x800178d8                strchr
 .text.memcpy   0x80017a2c      0x14c /opt/devkitpro/devkitPPC/bin/../lib/gcc/powerpc-eabi/14.2.0/../../../../powerpc-eabi/lib/libc.a(libc_a-memcpy.o)
                0x80017a2c                memcpy
 .text._strtoul_l.isra.0
                0x80017b78      0x210 /opt/devkitpro/devkitPPC/bin/../lib/gcc/powerpc-eabi/14.2.0/../../../../powerpc-eabi/lib/libc.a(libc_a-strtoul.o)
 .text._strtoul_r
                0x80017d88       0x60 /opt/devkitpro/devkitPPC/bin/../lib/gcc/powerpc-eabi/14.2.0/../../../../powerpc-eabi/lib/libc.a(libc_a-strtoul.o)
                0x80017d88                _strtoul_r
 .text.setvbuf  0x80017de8      0x2ec /opt/devkitpro/devkitPPC/bin/../lib/gcc/powerpc-eabi/14.2.0/../../../../powerpc-eabi/lib/libc.a(libc_a-setvbuf.o)
                0x80017de8                setvbuf
 .text.strncmp  0x800180d4       0xc8 /opt/devkitpro/devkitPPC/bin/../lib/gcc/powerpc-eabi/14.2.0/../../../../powerpc-eabi/lib/libc.a(libc_a-strncmp.o)
                0x800180d4                strncmp
 .text.memmove  0x8001819c      0x1bc /opt/devkitpro/devkitPPC/bin/../lib/gcc/powerpc-eabi/14.2.0/../../../../powerpc-eabi/lib/libc.a(libc_a-memmove.o)
                0x8001819c                memmove
 .text.calloc   0x80018358       0x40 /opt/devkitpro/devkitPPC/bin/../lib/gcc/powerpc-eabi/14.2.0/../../../../powerpc-eabi/lib/libc.a(libc_a-calloc.o)
                0x80018358                calloc
 .text.__errno  0x80018398       0x20 /opt/devkitpro/devkitPPC/bin/../lib/gcc/powerpc-eabi/14.2.0/../../../../powerpc-eabi/lib/libc.a(libc_a-errno.o)
                0x80018398                __errno
 .text._strtoull_l.isra.0
                0x800183b8      0x2fc /opt/devkitpro/devkitPPC/bin/../lib/gcc/powerpc-eabi/14.2.0/../../../../powerpc-eabi/lib/libc.a(libc_a-strtoull.o)
 .text._strtoull_r
                0x800186b4       0x60 /opt/devkitpro/devkitPPC/bin/../lib/gcc/powerpc-eabi/14.2.0/../../../../powerpc-eabi/lib/libc.a(libc_a-strtoull.o)
                0x800186b4                _strtoull_r
 .text._calloc_r
                0x80018714      0x100 /opt/devkitpro/devkitPPC/bin/../lib/gcc/powerpc-eabi/14.2.0/../../../../powerpc-eabi/lib/libc.a(libc_a-callocr.o)
                0x80018714                _calloc_r
 .text.strlen   0x80018814       0x80 /opt/devkitpro/devkitPPC/bin/../lib/gcc/powerpc-eabi/14.2.0/../../../../powerpc-eabi/lib/libc.a(libc_a-strlen.o)
                0x80018814                strlen
 .text._memalign_r
                0x80018894      0x1dc /opt/devkitpro/devkitPPC/bin/../lib/gcc/powerpc-eabi/14.2.0/../../../../powerpc-eabi/lib/libc.a(libc_a-malignr.o)
                0x80018894                _memalign_r
 .text._malloc_r
                0x80018a70      0x878 /opt/devkitpro/devkitPPC/bin/../lib/gcc/powerpc-eabi/14.2.0/../../../../powerpc-eabi/lib/libc.a(libc_a-mallocr.o)
                0x80018a70                _malloc_r
 .text._malloc_trim_r
                0x800192e8      0x138 /opt/devkitpro/devkitPPC/bin/../lib/gcc/powerpc-eabi/14.2.0/../../../../powerpc-eabi/lib/libc.a(libc_a-freer.o)
                0x800192e8                _malloc_trim_r
 .text._free_r  0x80019420      0x32c /opt/devkitpro/devkitPPC/bin/../lib/gcc/powerpc-eabi/14.2.0/../../../../powerpc-eabi/lib/libc.a(libc_a-freer.o)
                0x80019420                _free_r
 .text.memcmp   0x8001974c      0x13c /opt/devkitpro/devkitPPC/bin/../lib/gcc/powerpc-eabi/14.2.0/../../../../powerpc-eabi/lib/libc.a(libc_a-memcmp.o)
                0x8001974c                memcmp
 .text.malloc   0x80019888       0x58 /opt/devkitpro/devkitPPC/bin/../lib/gcc/powerpc-eabi/14.2.0/../../../../powerpc-eabi/lib/libc.a(libc_a-malloc.o)
                0x80019888                malloc
 .text.free     0x800198e0       0x30 /opt/devkitpro/devkitPPC/bin/../lib/gcc/powerpc-eabi/14.2.0/../../../../powerpc-eabi/lib/libc.a(libc_a-malloc.o)
                0x800198e0                free
 .text._reclaim_reent
                0x80019910      0x10c /opt/devkitpro/devkitPPC/bin/../lib/gcc/powerpc-eabi/14.2.0/../../../../powerpc-eabi/lib/libc.a(libc_a-reent.o)
                0x80019910                _reclaim_reent
 .text.stdio_exit_handler
                0x80019a1c       0x1c /opt/devkitpro/devkitPPC/bin/../lib/gcc/powerpc-eabi/14.2.0/../../../../powerpc-eabi/lib/libc.a(libc_a-findfp.o)
 .text.cleanup_stdio
                0x80019a38       0x88 /opt/devkitpro/devkitPPC/bin/../lib/gcc/powerpc-eabi/14.2.0/../../../../powerpc-eabi/lib/libc.a(libc_a-findfp.o)
 .text.global_stdio_init.part.0
                0x80019ac0      0x184 /opt/devkitpro/devkitPPC/bin/../lib/gcc/powerpc-eabi/14.2.0/../../../../powerpc-eabi/lib/libc.a(libc_a-findfp.o)
 .text.__sinit  0x80019c44       0xa4 /opt/devkitpro/devkitPPC/bin/../lib/gcc/powerpc-eabi/14.2.0/../../../../powerpc-eabi/lib/libc.a(libc_a-findfp.o)
                0x80019c44                __sinit
 .text.__sfp_lock_acquire
                0x80019ce8       0x40 /opt/devkitpro/devkitPPC/bin/../lib/gcc/powerpc-eabi/14.2.0/../../../../powerpc-eabi/lib/libc.a(libc_a-findfp.o)
                0x80019ce8                __sfp_lock_acquire
 .text.__sfp_lock_release
                0x80019d28        0xc /opt/devkitpro/devkitPPC/bin/../lib/gcc/powerpc-eabi/14.2.0/../../../../powerpc-eabi/lib/libc.a(libc_a-findfp.o)
                0x80019d28                __sfp_lock_release
 .text.exit     0x80019d34       0x3c /opt/devkitpro/devkitPPC/bin/../lib/gcc/powerpc-eabi/14.2.0/../../../../powerpc-eabi/lib/libc.a(libc_a-exit.o)
                0x80019d34                exit
 .text.write    0x80019d70       0x50 /opt/devkitpro/devkitPPC/bin/../lib/gcc/powerpc-eabi/14.2.0/../../../../powerpc-eabi/lib/libc.a(libc_a-syswrite.o)
                0x80019d70                write
 .text.strnlen  0x80019dc0       0xc0 /opt/devkitpro/devkitPPC/bin/../lib/gcc/powerpc-eabi/14.2.0/../../../../powerpc-eabi/lib/libc.a(libc_a-strnlen.o)
                0x80019dc0                strnlen
 .text.memalign
                0x80019e80       0x40 /opt/devkitpro/devkitPPC/bin/../lib/gcc/powerpc-eabi/14.2.0/../../../../powerpc-eabi/lib/libc.a(libc_a-malign.o)
                0x80019e80                memalign
 .text._fwalk_sglue
                0x80019ec0       0xb4 /opt/devkitpro/devkitPPC/bin/../lib/gcc/powerpc-eabi/14.2.0/../../../../powerpc-eabi/lib/libc.a(libc_a-fwalk.o)
                0x80019ec0                _fwalk_sglue
 .text.__swhatbuf_r
                0x80019f74       0xec /opt/devkitpro/devkitPPC/bin/../lib/gcc/powerpc-eabi/14.2.0/../../../../powerpc-eabi/lib/libc.a(libc_a-makebuf.o)
                0x80019f74                __swhatbuf_r
 .text.__sflush_r
                0x8001a060      0x2fc /opt/devkitpro/devkitPPC/bin/../lib/gcc/powerpc-eabi/14.2.0/../../../../powerpc-eabi/lib/libc.a(libc_a-fflush.o)
                0x8001a060                __sflush_r
 .text._fflush_r
                0x8001a35c      0x108 /opt/devkitpro/devkitPPC/bin/../lib/gcc/powerpc-eabi/14.2.0/../../../../powerpc-eabi/lib/libc.a(libc_a-fflush.o)
                0x8001a35c                _fflush_r
 .text._fclose_r
                0x8001a464      0x1d8 /opt/devkitpro/devkitPPC/bin/../lib/gcc/powerpc-eabi/14.2.0/../../../../powerpc-eabi/lib/libc.a(libc_a-fclose.o)
                0x8001a464                _fclose_r
 .text.startup.register_fini
                0x8001a63c        0xc /opt/devkitpro/devkitPPC/bin/../lib/gcc/powerpc-eabi/14.2.0/../../../../powerpc-eabi/lib/libc.a(libc_a-__call_atexit.o)
 .text.__call_exitprocs
                0x8001a648      0x200 /opt/devkitpro/devkitPPC/bin/../lib/gcc/powerpc-eabi/14.2.0/../../../../powerpc-eabi/lib/libc.a(libc_a-__call_atexit.o)
                0x8001a648                __call_exitprocs
 .text.__sread  0x8001a848       0x74 /opt/devkitpro/devkitPPC/bin/../lib/gcc/powerpc-eabi/14.2.0/../../../../powerpc-eabi/lib/libc.a(libc_a-stdio.o)
                0x8001a848                __sread
 .text.__swrite
                0x8001a8bc       0xb8 /opt/devkitpro/devkitPPC/bin/../lib/gcc/powerpc-eabi/14.2.0/../../../../powerpc-eabi/lib/libc.a(libc_a-stdio.o)
                0x8001a8bc                __swrite
 .text.__sseek  0x8001a974       0x70 /opt/devkitpro/devkitPPC/bin/../lib/gcc/powerpc-eabi/14.2.0/../../../../powerpc-eabi/lib/libc.a(libc_a-stdio.o)
                0x8001a974                __sseek
 .text.__sclose
                0x8001a9e4        0x8 /opt/devkitpro/devkitPPC/bin/../lib/gcc/powerpc-eabi/14.2.0/../../../../powerpc-eabi/lib/libc.a(libc_a-stdio.o)
                0x8001a9e4                __sclose
 .text.atexit   0x8001a9ec       0x14 /opt/devkitpro/devkitPPC/bin/../lib/gcc/powerpc-eabi/14.2.0/../../../../powerpc-eabi/lib/libc.a(libc_a-atexit.o)
                0x8001a9ec                atexit
 .text.__register_exitproc
                0x8001aa00      0x12c /opt/devkitpro/devkitPPC/bin/../lib/gcc/powerpc-eabi/14.2.0/../../../../powerpc-eabi/lib/libc.a(libc_a-__atexit.o)
                0x8001aa00                __register_exitproc
 .text.__flockfile
                0x8001ab2c       0x38 /opt/devkitpro/devkitPPC/bin/../lib/gcc/powerpc-eabi/14.2.0/../../../../powerpc-eabi/lib/libsysbase.a(libsysbase_libsysbase_a-flock.o)
                0x8001ab2c                __flockfile
 .text.__funlockfile
                0x8001ab64        0x8 /opt/devkitpro/devkitPPC/bin/../lib/gcc/powerpc-eabi/14.2.0/../../../../powerpc-eabi/lib/libsysbase.a(libsysbase_libsysbase_a-flock.o)
                0x8001ab64                __funlockfile
 .text._fstat_r
                0x8001ab6c       0xc0 /opt/devkitpro/devkitPPC/bin/../lib/gcc/powerpc-eabi/14.2.0/../../../../powerpc-eabi/lib/libsysbase.a(libsysbase_libsysbase_a-fstat.o)
                0x8001ab6c                _fstat_r
 .text.__get_handle
                0x8001ac2c       0x90 /opt/devkitpro/devkitPPC/bin/../lib/gcc/powerpc-eabi/14.2.0/../../../../powerpc-eabi/lib/libsysbase.a(libsysbase_libsysbase_a-handle_manager.o)
                0x8001ac2c                __get_handle
 .text._close_r
                0x8001acbc      0x178 /opt/devkitpro/devkitPPC/bin/../lib/gcc/powerpc-eabi/14.2.0/../../../../powerpc-eabi/lib/libsysbase.a(libsysbase_libsysbase_a-handle_manager.o)
                0x8001acbc                _close_r
 .text._lseek_r
                0x8001ae34       0xec /opt/devkitpro/devkitPPC/bin/../lib/gcc/powerpc-eabi/14.2.0/../../../../powerpc-eabi/lib/libsysbase.a(libsysbase_libsysbase_a-lseek.o)
                0x8001ae34                _lseek_r
 .text._read_r  0x8001af20       0xd0 /opt/devkitpro/devkitPPC/bin/../lib/gcc/powerpc-eabi/14.2.0/../../../../powerpc-eabi/lib/libsysbase.a(libsysbase_libsysbase_a-read.o)
                0x8001af20                _read_r
 .text.__libc_lock_init
                0x8001aff0       0x14 /opt/devkitpro/devkitPPC/bin/../lib/gcc/powerpc-eabi/14.2.0/../../../../powerpc-eabi/lib/libsysbase.a(libsysbase_libsysbase_a-syscall_support.o)
                0x8001aff0                __libc_lock_init
 .text.__libc_lock_acquire
                0x8001b004       0x14 /opt/devkitpro/devkitPPC/bin/../lib/gcc/powerpc-eabi/14.2.0/../../../../powerpc-eabi/lib/libsysbase.a(libsysbase_libsysbase_a-syscall_support.o)
                0x8001b004                __libc_lock_acquire
 .text.__libc_lock_release
                0x8001b018       0x14 /opt/devkitpro/devkitPPC/bin/../lib/gcc/powerpc-eabi/14.2.0/../../../../powerpc-eabi/lib/libsysbase.a(libsysbase_libsysbase_a-syscall_support.o)
                0x8001b018                __libc_lock_release
 .text.__libc_lock_close
                0x8001b02c       0x14 /opt/devkitpro/devkitPPC/bin/../lib/gcc/powerpc-eabi/14.2.0/../../../../powerpc-eabi/lib/libsysbase.a(libsysbase_libsysbase_a-syscall_support.o)
                0x8001b02c                __libc_lock_close
 .text.__libc_lock_init_recursive
                0x8001b040       0x14 /opt/devkitpro/devkitPPC/bin/../lib/gcc/powerpc-eabi/14.2.0/../../../../powerpc-eabi/lib/libsysbase.a(libsysbase_libsysbase_a-syscall_support.o)
                0x8001b040                __libc_lock_init_recursive
 .text.__malloc_lock
                0x8001b054       0x14 /opt/devkitpro/devkitPPC/bin/../lib/gcc/powerpc-eabi/14.2.0/../../../../powerpc-eabi/lib/libsysbase.a(libsysbase_libsysbase_a-syscall_support.o)
                0x8001b054                __malloc_lock
 .text.__malloc_unlock
                0x8001b068       0x14 /opt/devkitpro/devkitPPC/bin/../lib/gcc/powerpc-eabi/14.2.0/../../../../powerpc-eabi/lib/libsysbase.a(libsysbase_libsysbase_a-syscall_support.o)
                0x8001b068                __malloc_unlock
 .text._write_r
                0x8001b07c       0xd0 /opt/devkitpro/devkitPPC/bin/../lib/gcc/powerpc-eabi/14.2.0/../../../../powerpc-eabi/lib/libsysbase.a(libsysbase_libsysbase_a-write.o)
                0x8001b07c                _write_r
 .text.__do_global_ctors_aux
                0x8001b14c       0x50 /opt/devkitpro/devkitPPC/bin/../lib/gcc/powerpc-eabi/14.2.0/crtend.o
 *(.gnu.warning)
 *(.gnu.linkonce.t.*)
                0x8001b1a0                        . = ALIGN (0x20)
 *fill*         0x8001b19c        0x4 00000000

.glink          0x8001b1a0        0x0
 .glink         0x8001b1a0        0x0 /opt/devkitpro/devkitPPC/bin/../lib/gcc/powerpc-eabi/14.2.0/crtbegin.o

.fini           0x8001b1a0       0x20
 *(.fini)
 .fini          0x8001b1a0        0xc /opt/devkitpro/devkitPPC/bin/../lib/gcc/powerpc-eabi/14.2.0/ecrti.o
                0x8001b1a0                __fini
 .fini          0x8001b1ac        0x4 /opt/devkitpro/devkitPPC/bin/../lib/gcc/powerpc-eabi/14.2.0/crtbegin.o
 .fini          0x8001b1b0       0x10 /opt/devkitpro/devkitPPC/bin/../lib/gcc/powerpc-eabi/14.2.0/ecrtn.o
                0x8001b1c0                        . = ALIGN (0x20)
                [!provide]                        PROVIDE (__etext = .)
                [!provide]                        PROVIDE (_etext = .)
                [!provide]                        PROVIDE (etext = .)

.rodata         0x8001b1c0      0xd01
 *(.rodata)
 *(.rodata.*)
 .rodata.SYS_ResetSystem
                0x8001b1c0       0x1c /opt/devkitpro/libogc/lib/wii/libogc.a(system.o)
 .rodata._dsp_initcode
                0x8001b1dc       0x80 /opt/devkitpro/libogc/lib/wii/libogc.a(system.o)
 .rodata.__ios_ioctlvformat_parse
                0x8001b25c       0x88 /opt/devkitpro/libogc/lib/wii/libogc.a(ipc.o)
 .rodata._ES_seek_r.str1.4
                0x8001b2e4      0x3ac /opt/devkitpro/libogc/lib/wii/libogc.a(es.o)
                                  0x5 (size before relaxing)
 .rodata._ES_close_r.str1.4
                0x8001b690        0x3 /opt/devkitpro/libogc/lib/wii/libogc.a(es.o)
 .rodata.__ES_Close.str1.4
                0x8001b690        0x4 /opt/devkitpro/libogc/lib/wii/libogc.a(es.o)
 .rodata.ES_GetTitleID.str1.4
                0x8001b690        0x3 /opt/devkitpro/libogc/lib/wii/libogc.a(es.o)
 .rodata.ES_GetNumTicketViews.str1.4
                0x8001b690        0x4 /opt/devkitpro/libogc/lib/wii/libogc.a(es.o)
 .rodata.ES_GetTicketViews.str1.4
                0x8001b690        0x5 /opt/devkitpro/libogc/lib/wii/libogc.a(es.o)
 .rodata.ES_GetOwnedTitles.str1.4
                0x8001b690        0x4 /opt/devkitpro/libogc/lib/wii/libogc.a(es.o)
 .rodata._ES_open_r.str1.4
                0x8001b690        0x5 /opt/devkitpro/libogc/lib/wii/libogc.a(es.o)
 .rodata.str1.4
                0x8001b690        0x3 /opt/devkitpro/libogc/lib/wii/libogc.a(es.o)
 .rodata.dotab_es
                0x8001b690       0x80 /opt/devkitpro/libogc/lib/wii/libogc.a(es.o)
 .rodata.CONF_GetLength
                0x8001b710       0x20 /opt/devkitpro/libogc/lib/wii/libogc.a(conf.o)
 .rodata.CONF_GetShutdownMode.str1.4
                0x8001b730        0x8 /opt/devkitpro/libogc/lib/wii/libogc.a(conf.o)
 .rodata.CONF_GetCounterBias.str1.4
                0x8001b730        0x7 /opt/devkitpro/libogc/lib/wii/libogc.a(conf.o)
 *fill*         0x8001b730       0x10 
 .rodata.__conf_txt_file
                0x8001b740       0x2a /opt/devkitpro/libogc/lib/wii/libogc.a(conf.o)
 *fill*         0x8001b76a       0x16 
 .rodata.__conf_file
                0x8001b780       0x15 /opt/devkitpro/libogc/lib/wii/libogc.a(conf.o)
 .rodata.c_default_exceptionhandler.str1.4
                0x8001b795      0x267 /opt/devkitpro/libogc/lib/wii/libogc.a(exception.o)
 .rodata.str1.4
                0x8001b795       0xa0 /opt/devkitpro/libogc/lib/wii/libogc.a(exception.o)
 *fill*         0x8001b795        0x3 
 .rodata.exception_name
                0x8001b798       0x3c /opt/devkitpro/libogc/lib/wii/libogc.a(exception.o)
 .rodata.exception_location
                0x8001b7d4       0x3c /opt/devkitpro/libogc/lib/wii/libogc.a(exception.o)
 .rodata.__SetInterrupts
                0x8001b810       0x70 /opt/devkitpro/libogc/lib/wii/libogc.a(irq.o)
 .rodata._irqPrio
                0x8001b880       0x30 /opt/devkitpro/libogc/lib/wii/libogc.a(irq.o)
 .rodata.number.str1.4
                0x8001b8b0       0x4d /opt/devkitpro/libogc/lib/wii/libogc.a(kprintf.o)
 .rodata.kvsprintf.str1.4
                0x8001b8b0        0x7 /opt/devkitpro/libogc/lib/wii/libogc.a(kprintf.o)
 .rodata.kvsprintf
                0x8001b8b0      0x2e4 /opt/devkitpro/libogc/lib/wii/libogc.a(kprintf.o)
 .rodata.__console_write
                0x8001bb94       0xec /opt/devkitpro/libogc/lib/wii/libogc.a(console.o)
 .rodata.color_table
                0x8001bc80       0x40 /opt/devkitpro/libogc/lib/wii/libogc.a(console.o)
 .rodata.str1.4
                0x8001bcc0        0x7 /opt/devkitpro/libogc/lib/wii/libogc.a(console.o)
 .rodata.dotab_stdout
                0x8001bcc0       0x80 /opt/devkitpro/libogc/lib/wii/libogc.a(console.o)
                0x8001bcc0                dotab_stdout
 .rodata.AddDevice.str1.4
                0x8001bd40        0x8 /opt/devkitpro/devkitPPC/bin/../lib/gcc/powerpc-eabi/14.2.0/../../../../powerpc-eabi/lib/libsysbase.a(libsysbase_libsysbase_a-iosupport.o)
 .rodata.dotab_stdnull
                0x8001bd40       0x80 /opt/devkitpro/devkitPPC/bin/../lib/gcc/powerpc-eabi/14.2.0/../../../../powerpc-eabi/lib/libsysbase.a(libsysbase_libsysbase_a-iosupport.o)
                0x8001bd40                dotab_stdnull
 .rodata._ctype_
                0x8001bdc0      0x101 /opt/devkitpro/devkitPPC/bin/../lib/gcc/powerpc-eabi/14.2.0/../../../../powerpc-eabi/lib/libc.a(libc_a-ctype_.o)
                0x8001bdc0                _ctype_
 *(.gnu.linkonce.r.*)

.eh_frame_hdr   0x8001bec4      0xb14
 .eh_frame_hdr  0x8001bec4      0xb14 /opt/devkitpro/devkitPPC/bin/../lib/gcc/powerpc-eabi/14.2.0/../../../../powerpc-eabi/lib/crtmain.o
                0x8001bec4                __GNU_EH_FRAME_HDR

.rodata1
 *(.rodata1)

.sdata2         0x8001c9d8        0x4
                0x8001c9d8                        PROVIDE (_SDA2_BASE_ = .)
 *(.sdata2)
 .sdata2        0x8001c9d8        0x0 /opt/devkitpro/devkitPPC/bin/../lib/gcc/powerpc-eabi/14.2.0/ecrti.o
                0x8001c9d8                __SDATA2_START__
 .sdata2        0x8001c9d8        0x0 /opt/devkitpro/devkitPPC/bin/../lib/gcc/powerpc-eabi/14.2.0/crtbegin.o
 *(.sdata2.*)
 .sdata2.__sys_inIPL
                0x8001c9d8        0x4 /opt/devkitpro/libogc/lib/wii/libogc.a(system.o)
 *(.gnu.linkonce.s2.*)

.sbss2
 *(.sbss2)
 *(.sbss2.*)
 *(.gnu.linkonce.sb2.*)
                0x8001c9dc                        . = ALIGN (0x4)
                [!provide]                        PROVIDE (__preinit_array_start = .)

.preinit_array
 *(.preinit_array)
                [!provide]                        PROVIDE (__preinit_array_end = .)
                [!provide]                        PROVIDE (__init_array_start = .)

.init_array
 *(.init_array)
                [!provide]                        PROVIDE (__init_array_end = .)
                [!provide]                        PROVIDE (__fini_array_start = .)

.fini_array
 *(.fini_array)
                [!provide]                        PROVIDE (__fini_array_end = .)

.data           0x8001c9e0     0x2780
 *(.data)
 .data          0x8001c9e0       0x10 /opt/devkitpro/libogc/lib/wii/libogc.a(system_asm.o)
 *(.data.*)
 .data.mem_resetinfo
                0x8001c9f0       0x10 /opt/devkitpro/libogc/lib/wii/libogc.a(system.o)
 .data.si_type  0x8001ca00       0x10 /opt/devkitpro/libogc/lib/wii/libogc.a(si.o)
 .data.xy       0x8001ca10       0x60 /opt/devkitpro/libogc/lib/wii/libogc.a(si.o)
 .data.sicntrl  0x8001ca70       0x14 /opt/devkitpro/libogc/lib/wii/libogc.a(si.o)
 *fill*         0x8001ca84       0x1c 
 .data.__stm_imm_fs
                0x8001caa0       0x13 /opt/devkitpro/libogc/lib/wii/libogc.a(stm.o)
 *fill*         0x8001cab3        0xd 
 .data.__stm_eh_fs
                0x8001cac0       0x13 /opt/devkitpro/libogc/lib/wii/libogc.a(stm.o)
 *fill*         0x8001cad3        0xd 
 .data.__stateflags
                0x8001cae0       0x28 /opt/devkitpro/libogc/lib/wii/libogc.a(wiilaunch.o)
 *fill*         0x8001cb08       0x18 
 .data.__nandbootinfo
                0x8001cb20       0x1a /opt/devkitpro/libogc/lib/wii/libogc.a(wiilaunch.o)
 *fill*         0x8001cb3a        0x2 
 .data.pad_resetinfo
                0x8001cb3c       0x10 /opt/devkitpro/libogc/lib/wii/libogc.a(pad.o)
 *fill*         0x8001cb4c       0x14 
 .data.__kd_fs  0x8001cb60       0x14 /opt/devkitpro/libogc/lib/wii/libogc.a(network_wii.o)
 .data.console_font_8x16
                0x8001cb74     0x1000 /opt/devkitpro/libogc/lib/wii/libogc.a(console_font_8x16.o)
                0x8001cb74                console_font_8x16
 .data.devoptab_list
                0x8001db74       0x8c /opt/devkitpro/devkitPPC/bin/../lib/gcc/powerpc-eabi/14.2.0/../../../../powerpc-eabi/lib/libsysbase.a(libsysbase_libsysbase_a-iosupport.o)
                0x8001db74                devoptab_list
 .data.defaultDevice
                0x8001dc00        0x4 /opt/devkitpro/devkitPPC/bin/../lib/gcc/powerpc-eabi/14.2.0/../../../../powerpc-eabi/lib/libsysbase.a(libsysbase_libsysbase_a-iosupport.o)
 *fill*         0x8001dc04        0x4 
 .data._impure_data
                0x8001dc08      0x120 /opt/devkitpro/devkitPPC/bin/../lib/gcc/powerpc-eabi/14.2.0/../../../../powerpc-eabi/lib/libc.a(libc_a-impure.o)
                0x8001dc08                _impure_data
 .data.__malloc_av_
                0x8001dd28      0x408 /opt/devkitpro/devkitPPC/bin/../lib/gcc/powerpc-eabi/14.2.0/../../../../powerpc-eabi/lib/libc.a(libc_a-mallocr.o)
                0x8001dd28                __malloc_av_
 .data.__sglue  0x8001e130        0xc /opt/devkitpro/devkitPPC/bin/../lib/gcc/powerpc-eabi/14.2.0/../../../../powerpc-eabi/lib/libc.a(libc_a-findfp.o)
                0x8001e130                __sglue
 .data.handles  0x8001e13c     0x1000 /opt/devkitpro/devkitPPC/bin/../lib/gcc/powerpc-eabi/14.2.0/../../../../powerpc-eabi/lib/libsysbase.a(libsysbase_libsysbase_a-handle_manager.o)
 .data.__stderr_handle
                0x8001f13c        0xc /opt/devkitpro/devkitPPC/bin/../lib/gcc/powerpc-eabi/14.2.0/../../../../powerpc-eabi/lib/libsysbase.a(libsysbase_libsysbase_a-handle_manager.o)
 .data.__stdout_handle
                0x8001f148        0xc /opt/devkitpro/devkitPPC/bin/../lib/gcc/powerpc-eabi/14.2.0/../../../../powerpc-eabi/lib/libsysbase.a(libsysbase_libsysbase_a-handle_manager.o)
 .data.__stdin_handle
                0x8001f154        0xc /opt/devkitpro/devkitPPC/bin/../lib/gcc/powerpc-eabi/14.2.0/../../../../powerpc-eabi/lib/libsysbase.a(libsysbase_libsysbase_a-handle_manager.o)
 *(.gnu.linkonce.d.*)
                0x8001f160                        . = ALIGN (0x20)

.branch_lt      0x8001f160        0x0
 .branch_lt     0x8001f160        0x0 /opt/devkitpro/devkitPPC/bin/../lib/gcc/powerpc-eabi/14.2.0/crtbegin.o

.data1
 *(.data1)

.tdata
 *(.tdata .tdata.* .gnu.linkonce.td.*)

.tbss
 *(.tbss .tbss.* .gnu.linkonce.tb.*)
 *(.tcommon)

.eh_frame       0x8001f160     0x4288
 *(.eh_frame)
 .eh_frame      0x8001f160        0x0 /opt/devkitpro/devkitPPC/bin/../lib/gcc/powerpc-eabi/14.2.0/ecrti.o
                0x8001f160                __EH_FRAME_BEGIN__
 .eh_frame      0x8001f160        0x0 /opt/devkitpro/devkitPPC/bin/../lib/gcc/powerpc-eabi/14.2.0/crtbegin.o
 .eh_frame      0x8001f160        0x0 /opt/devkitpro/devkitPPC/bin/../lib/gcc/powerpc-eabi/14.2.0/crtbegin.o
 .eh_frame      0x8001f160       0x34 /opt/devkitpro/devkitPPC/bin/../lib/gcc/powerpc-eabi/14.2.0/../../../../powerpc-eabi/lib/crtmain.o
 .eh_frame      0x8001f194      0x620 /opt/devkitpro/libogc/lib/wii/libogc.a(system.o)
                                0xc24 (size before relaxing)
 .eh_frame      0x8001f7b4       0x14 /opt/devkitpro/libogc/lib/wii/libogc.a(cond.o)
                                0x1f0 (size before relaxing)
 .eh_frame      0x8001f7c8       0x28 /opt/devkitpro/libogc/lib/wii/libogc.a(decrementer.o)
                                 0x3c (size before relaxing)
 .eh_frame      0x8001f7f0       0x14 /opt/devkitpro/libogc/lib/wii/libogc.a(message.o)
                                0x178 (size before relaxing)
 .eh_frame      0x8001f804      0x488 /opt/devkitpro/libogc/lib/wii/libogc.a(si.o)
                                0x560 (size before relaxing)
 .eh_frame      0x8001fc8c      0x568 /opt/devkitpro/libogc/lib/wii/libogc.a(ipc.o)
                                0x8d0 (size before relaxing)
 .eh_frame      0x800201f4       0xa4 /opt/devkitpro/libogc/lib/wii/libogc.a(timesupp.o)
                                0x1ec (size before relaxing)
 .eh_frame      0x80020298       0xd0 /opt/devkitpro/libogc/lib/wii/libogc.a(lock_supp.o)
                                 0xe4 (size before relaxing)
 .eh_frame      0x80020368       0xa8 /opt/devkitpro/libogc/lib/wii/libogc.a(sbrk.o)
                                 0xbc (size before relaxing)
 .eh_frame      0x80020410       0x74 /opt/devkitpro/libogc/lib/wii/libogc.a(malloc_lock.o)
                                 0x88 (size before relaxing)
 .eh_frame      0x80020484      0x134 /opt/devkitpro/libogc/lib/wii/libogc.a(stm.o)
                                0x148 (size before relaxing)
 .eh_frame      0x800205b8       0x5c /opt/devkitpro/libogc/lib/wii/libogc.a(ios.o)
                                0x228 (size before relaxing)
 .eh_frame      0x80020614      0x374 /opt/devkitpro/libogc/lib/wii/libogc.a(es.o)
                                0xad0 (size before relaxing)
 .eh_frame      0x80020988       0x20 /opt/devkitpro/libogc/lib/wii/libogc.a(argv.o)
                                 0x34 (size before relaxing)
 .eh_frame      0x800209a8      0x1d4 /opt/devkitpro/libogc/lib/wii/libogc.a(conf.o)
                                0x568 (size before relaxing)
 .eh_frame      0x80020b7c      0x118 /opt/devkitpro/libogc/lib/wii/libogc.a(wiilaunch.o)
                                0x270 (size before relaxing)
 .eh_frame      0x80020c94       0x14 /opt/devkitpro/libogc/lib/wii/libogc.a(lwp_priority.o)
                                 0x28 (size before relaxing)
 .eh_frame      0x80020ca8      0x274 /opt/devkitpro/libogc/lib/wii/libogc.a(lwp_threadq.o)
                                0x2d8 (size before relaxing)
 .eh_frame      0x80020f1c      0x2ac /opt/devkitpro/libogc/lib/wii/libogc.a(lwp_threads.o)
                                0x394 (size before relaxing)
 .eh_frame      0x800211c8        0x0 /opt/devkitpro/libogc/lib/wii/libogc.a(lwp_messages.o)
                                0x270 (size before relaxing)
 .eh_frame      0x800211c8      0x160 /opt/devkitpro/libogc/lib/wii/libogc.a(lwp.o)
                                0x420 (size before relaxing)
 .eh_frame      0x80021328       0x3c /opt/devkitpro/libogc/lib/wii/libogc.a(lwp_stack.o)
                                 0x50 (size before relaxing)
 .eh_frame      0x80021364       0x9c /opt/devkitpro/libogc/lib/wii/libogc.a(lwp_mutex.o)
                                 0xb0 (size before relaxing)
 .eh_frame      0x80021400      0x124 /opt/devkitpro/libogc/lib/wii/libogc.a(lwp_watchdog.o)
                                0x1a0 (size before relaxing)
 .eh_frame      0x80021524       0x30 /opt/devkitpro/libogc/lib/wii/libogc.a(lwp_wkspace.o)
                                 0xa8 (size before relaxing)
 .eh_frame      0x80021554       0xb8 /opt/devkitpro/libogc/lib/wii/libogc.a(lwp_objmgr.o)
                                 0xe0 (size before relaxing)
 .eh_frame      0x8002160c       0x3c /opt/devkitpro/libogc/lib/wii/libogc.a(lwp_heap.o)
                                 0x64 (size before relaxing)
 .eh_frame      0x80021648       0xfc /opt/devkitpro/libogc/lib/wii/libogc.a(exception.o)
                                0x170 (size before relaxing)
 .eh_frame      0x80021744       0xc8 /opt/devkitpro/libogc/lib/wii/libogc.a(irq.o)
                                0x118 (size before relaxing)
 .eh_frame      0x8002180c       0x14 /opt/devkitpro/libogc/lib/wii/libogc.a(semaphore.o)
                                0x150 (size before relaxing)
 .eh_frame      0x80021820       0xa0 /opt/devkitpro/libogc/lib/wii/libogc.a(video.o)
                                0x3dc (size before relaxing)
 .eh_frame      0x800218c0      0x30c /opt/devkitpro/libogc/lib/wii/libogc.a(pad.o)
                                0x4d0 (size before relaxing)
 .eh_frame      0x80021bcc      0x4e4 /opt/devkitpro/libogc/lib/wii/libogc.a(exi.o)
                                0x7b0 (size before relaxing)
 .eh_frame      0x800220b0      0x134 /opt/devkitpro/libogc/lib/wii/libogc.a(mutex.o)
                                0x15c (size before relaxing)
 .eh_frame      0x800221e4       0x60 /opt/devkitpro/libogc/lib/wii/libogc.a(gx.o)
                               0x1674 (size before relaxing)
 .eh_frame      0x80022244       0xec /opt/devkitpro/libogc/lib/wii/libogc.a(kprintf.o)
                                0x100 (size before relaxing)
 .eh_frame      0x80022330       0x24 /opt/devkitpro/libogc/lib/wii/libogc.a(network_wii.o)
                                0x860 (size before relaxing)
 .eh_frame      0x80022354      0x140 /opt/devkitpro/libogc/lib/wii/libogc.a(console.o)
                                0x218 (size before relaxing)
 .eh_frame      0x80022494       0x3c /opt/devkitpro/libogc/lib/wii/libogc.a(lwp_queue.o)
                                 0x78 (size before relaxing)
 .eh_frame      0x800224d0        0x0 /opt/devkitpro/libogc/lib/wii/libogc.a(lwp_sema.o)
                                 0x8c (size before relaxing)
 .eh_frame      0x800224d0      0x154 /opt/devkitpro/libogc/lib/wii/libogc.a(usbgecko.o)
                                0x3e8 (size before relaxing)
 .eh_frame      0x80022624        0x0 /opt/devkitpro/libogc/lib/wii/libogc.a(network_common.o)
                                 0x90 (size before relaxing)
 .eh_frame      0x80022624        0x0 /opt/devkitpro/devkitPPC/bin/../lib/gcc/powerpc-eabi/14.2.0/../../../../powerpc-eabi/lib/libm.a(libm_a-sf_cos.o)
                                 0x54 (size before relaxing)
 .eh_frame      0x80022624        0x0 /opt/devkitpro/devkitPPC/bin/../lib/gcc/powerpc-eabi/14.2.0/../../../../powerpc-eabi/lib/libm.a(libm_a-wf_sqrt.o)
                                 0x54 (size before relaxing)
 .eh_frame      0x80022624        0x0 /opt/devkitpro/devkitPPC/bin/../lib/gcc/powerpc-eabi/14.2.0/../../../../powerpc-eabi/lib/libm.a(libm_a-kf_cos.o)
                                 0x38 (size before relaxing)
 .eh_frame      0x80022624        0x0 /opt/devkitpro/devkitPPC/bin/../lib/gcc/powerpc-eabi/14.2.0/../../../../powerpc-eabi/lib/libm.a(libm_a-ef_sqrt.o)
                                 0x3c (size before relaxing)
 .eh_frame      0x80022624        0x0 /opt/devkitpro/devkitPPC/bin/../lib/gcc/powerpc-eabi/14.2.0/../../../../powerpc-eabi/lib/libm.a(libm_a-kf_sin.o)
                                 0x34 (size before relaxing)
 .eh_frame      0x80022624        0x0 /opt/devkitpro/devkitPPC/bin/../lib/gcc/powerpc-eabi/14.2.0/../../../../powerpc-eabi/lib/libm.a(libm_a-ef_rem_pio2.o)
                                 0x90 (size before relaxing)
 .eh_frame      0x80022624        0x0 /opt/devkitpro/devkitPPC/bin/../lib/gcc/powerpc-eabi/14.2.0/../../../../powerpc-eabi/lib/libm.a(libm_a-sf_fabs.o)
                                 0x2c (size before relaxing)
 .eh_frame      0x80022624        0x0 /opt/devkitpro/devkitPPC/bin/../lib/gcc/powerpc-eabi/14.2.0/../../../../powerpc-eabi/lib/libm.a(libm_a-kf_rem_pio2.o)
                                 0x84 (size before relaxing)
 .eh_frame      0x80022624        0x0 /opt/devkitpro/devkitPPC/bin/../lib/gcc/powerpc-eabi/14.2.0/../../../../powerpc-eabi/lib/libm.a(libm_a-sf_floor.o)
                                 0x34 (size before relaxing)
 .eh_frame      0x80022624        0x0 /opt/devkitpro/devkitPPC/bin/../lib/gcc/powerpc-eabi/14.2.0/../../../../powerpc-eabi/lib/libm.a(libm_a-sf_scalbn.o)
                                 0x34 (size before relaxing)
 .eh_frame      0x80022624       0x34 /opt/devkitpro/devkitPPC/bin/../lib/gcc/powerpc-eabi/14.2.0/libgcc.a(_udivdi3.o)
                                 0x48 (size before relaxing)
 .eh_frame      0x80022658       0x3c /opt/devkitpro/devkitPPC/bin/../lib/gcc/powerpc-eabi/14.2.0/libgcc.a(_umoddi3.o)
                                 0x50 (size before relaxing)
 .eh_frame      0x80022694       0x18 /opt/devkitpro/devkitPPC/bin/../lib/gcc/powerpc-eabi/14.2.0/../../../../powerpc-eabi/lib/libsysbase.a(libsysbase_libsysbase_a-abort.o)
                                 0x2c (size before relaxing)
 .eh_frame      0x800226ac       0x14 /opt/devkitpro/devkitPPC/bin/../lib/gcc/powerpc-eabi/14.2.0/../../../../powerpc-eabi/lib/libsysbase.a(libsysbase_libsysbase_a-build_argv.o)
                                 0x28 (size before relaxing)
 .eh_frame      0x800226c0       0x14 /opt/devkitpro/devkitPPC/bin/../lib/gcc/powerpc-eabi/14.2.0/../../../../powerpc-eabi/lib/libsysbase.a(libsysbase_libsysbase_a-getreent.o)
                                 0x28 (size before relaxing)
 .eh_frame      0x800226d4       0xe8 /opt/devkitpro/devkitPPC/bin/../lib/gcc/powerpc-eabi/14.2.0/../../../../powerpc-eabi/lib/libsysbase.a(libsysbase_libsysbase_a-iosupport.o)
                                0x138 (size before relaxing)
 .eh_frame      0x800227bc        0x0 /opt/devkitpro/devkitPPC/bin/../lib/gcc/powerpc-eabi/14.2.0/../../../../powerpc-eabi/lib/libsysbase.a(libsysbase_libsysbase_a-usleep.o)
                                 0x40 (size before relaxing)
 .eh_frame      0x800227bc       0x20 /opt/devkitpro/devkitPPC/bin/../lib/gcc/powerpc-eabi/14.2.0/../../../../powerpc-eabi/lib/libsysbase.a(libsysbase_libsysbase_a-_exit.o)
                                 0x34 (size before relaxing)
 .eh_frame      0x800227dc        0x0 /opt/devkitpro/devkitPPC/bin/../lib/gcc/powerpc-eabi/14.2.0/../../../../powerpc-eabi/lib/libsysbase.a(libsysbase_libsysbase_a-nanosleep.o)
                                 0x38 (size before relaxing)
 .eh_frame      0x800227dc       0x14 /opt/devkitpro/devkitPPC/bin/../lib/gcc/powerpc-eabi/14.2.0/../../../../powerpc-eabi/lib/libc.a(libc_a-strcmp.o)
                                 0x28 (size before relaxing)
 .eh_frame      0x800227f0       0x14 /opt/devkitpro/devkitPPC/bin/../lib/gcc/powerpc-eabi/14.2.0/../../../../powerpc-eabi/lib/libc.a(libc_a-memset.o)
                                 0x28 (size before relaxing)
 .eh_frame      0x80022804       0x14 /opt/devkitpro/devkitPPC/bin/../lib/gcc/powerpc-eabi/14.2.0/../../../../powerpc-eabi/lib/libc.a(libc_a-strchr.o)
                                 0x28 (size before relaxing)
 .eh_frame      0x80022818       0x14 /opt/devkitpro/devkitPPC/bin/../lib/gcc/powerpc-eabi/14.2.0/../../../../powerpc-eabi/lib/libc.a(libc_a-memcpy.o)
                                 0x28 (size before relaxing)
 .eh_frame      0x8002282c       0x58 /opt/devkitpro/devkitPPC/bin/../lib/gcc/powerpc-eabi/14.2.0/../../../../powerpc-eabi/lib/libc.a(libc_a-strtoul.o)
                                 0xcc (size before relaxing)
 .eh_frame      0x80022884       0x50 /opt/devkitpro/devkitPPC/bin/../lib/gcc/powerpc-eabi/14.2.0/../../../../powerpc-eabi/lib/libc.a(libc_a-setvbuf.o)
                                 0x64 (size before relaxing)
 .eh_frame      0x800228d4       0x14 /opt/devkitpro/devkitPPC/bin/../lib/gcc/powerpc-eabi/14.2.0/../../../../powerpc-eabi/lib/libc.a(libc_a-strncmp.o)
                                 0x28 (size before relaxing)
 .eh_frame      0x800228e8       0x14 /opt/devkitpro/devkitPPC/bin/../lib/gcc/powerpc-eabi/14.2.0/../../../../powerpc-eabi/lib/libc.a(libc_a-memmove.o)
                                 0x28 (size before relaxing)
 .eh_frame      0x800228fc       0x2c /opt/devkitpro/devkitPPC/bin/../lib/gcc/powerpc-eabi/14.2.0/../../../../powerpc-eabi/lib/libc.a(libc_a-calloc.o)
                                 0x40 (size before relaxing)
 .eh_frame      0x80022928       0x20 /opt/devkitpro/devkitPPC/bin/../lib/gcc/powerpc-eabi/14.2.0/../../../../powerpc-eabi/lib/libc.a(libc_a-errno.o)
                                 0x34 (size before relaxing)
 .eh_frame      0x80022948       0x80 /opt/devkitpro/devkitPPC/bin/../lib/gcc/powerpc-eabi/14.2.0/../../../../powerpc-eabi/lib/libc.a(libc_a-strtoull.o)
                                 0xf4 (size before relaxing)
 .eh_frame      0x800229c8       0x40 /opt/devkitpro/devkitPPC/bin/../lib/gcc/powerpc-eabi/14.2.0/../../../../powerpc-eabi/lib/libc.a(libc_a-callocr.o)
                                 0x54 (size before relaxing)
 .eh_frame      0x80022a08       0x14 /opt/devkitpro/devkitPPC/bin/../lib/gcc/powerpc-eabi/14.2.0/../../../../powerpc-eabi/lib/libc.a(libc_a-strlen.o)
                                 0x28 (size before relaxing)
 .eh_frame      0x80022a1c       0x68 /opt/devkitpro/devkitPPC/bin/../lib/gcc/powerpc-eabi/14.2.0/../../../../powerpc-eabi/lib/libc.a(libc_a-malignr.o)
                                 0x7c (size before relaxing)
 .eh_frame      0x80022a84       0xf4 /opt/devkitpro/devkitPPC/bin/../lib/gcc/powerpc-eabi/14.2.0/../../../../powerpc-eabi/lib/libc.a(libc_a-mallocr.o)
                                0x108 (size before relaxing)
 .eh_frame      0x80022b78       0x8c /opt/devkitpro/devkitPPC/bin/../lib/gcc/powerpc-eabi/14.2.0/../../../../powerpc-eabi/lib/libc.a(libc_a-freer.o)
                                 0xa0 (size before relaxing)
 .eh_frame      0x80022c04       0x14 /opt/devkitpro/devkitPPC/bin/../lib/gcc/powerpc-eabi/14.2.0/../../../../powerpc-eabi/lib/libc.a(libc_a-memcmp.o)
                                 0x28 (size before relaxing)
 .eh_frame      0x80022c18        0x0 /opt/devkitpro/devkitPPC/bin/../lib/gcc/powerpc-eabi/14.2.0/../../../../powerpc-eabi/lib/libc.a(libc_a-strcpy.o)
                                 0x28 (size before relaxing)
 .eh_frame      0x80022c18       0x58 /opt/devkitpro/devkitPPC/bin/../lib/gcc/powerpc-eabi/14.2.0/../../../../powerpc-eabi/lib/libc.a(libc_a-malloc.o)
                                 0x6c (size before relaxing)
 .eh_frame      0x80022c70       0x38 /opt/devkitpro/devkitPPC/bin/../lib/gcc/powerpc-eabi/14.2.0/../../../../powerpc-eabi/lib/libc.a(libc_a-reent.o)
                                 0x4c (size before relaxing)
 .eh_frame      0x80022ca8       0xe4 /opt/devkitpro/devkitPPC/bin/../lib/gcc/powerpc-eabi/14.2.0/../../../../powerpc-eabi/lib/libc.a(libc_a-findfp.o)
                                0x1b8 (size before relaxing)
 .eh_frame      0x80022d8c        0x0 /opt/devkitpro/devkitPPC/bin/../lib/gcc/powerpc-eabi/14.2.0/../../../../powerpc-eabi/lib/libc.a(libc_a-puts.o)
                                 0x74 (size before relaxing)
 .eh_frame      0x80022d8c        0x0 /opt/devkitpro/devkitPPC/bin/../lib/gcc/powerpc-eabi/14.2.0/../../../../powerpc-eabi/lib/libc.a(libc_a-fvwrite.o)
                                 0xfc (size before relaxing)
 .eh_frame      0x80022d8c       0x20 /opt/devkitpro/devkitPPC/bin/../lib/gcc/powerpc-eabi/14.2.0/../../../../powerpc-eabi/lib/libc.a(libc_a-exit.o)
                                 0x34 (size before relaxing)
 .eh_frame      0x80022dac        0x0 /opt/devkitpro/devkitPPC/bin/../lib/gcc/powerpc-eabi/14.2.0/../../../../powerpc-eabi/lib/libc.a(libc_a-memchr.o)
                                 0x28 (size before relaxing)